Archive member included because of file (symbol)

C:\Program Files (x86)\VEX Robotics\VEXcode Pro V5\sdk/vexv5\libv5rt.a(v5_startup.c.obj)
                              (vexStartup)
C:\Program Files (x86)\VEX Robotics\VEXcode Pro V5\sdk/vexv5\libv5rt.a(v5_util.c.obj)
                              C:\Program Files (x86)\VEX Robotics\VEXcode Pro V5\sdk/vexv5\libv5rt.a(v5_startup.c.obj) (vexStdlibVersionLinked)
C:\Program Files (x86)\VEX Robotics\VEXcode Pro V5\sdk/vexv5\libv5rt.a(v5_apijump.c.obj)
                              C:\Program Files (x86)\VEX Robotics\VEXcode Pro V5\sdk/vexv5\libv5rt.a(v5_startup.c.obj) (vexPrivateApiEnable)
C:\Program Files (x86)\VEX Robotics\VEXcode Pro V5\sdk/vexv5\libv5rt.a(v5_apiversions.c.obj)
                              C:\Program Files (x86)\VEX Robotics\VEXcode Pro V5\sdk/vexv5\libv5rt.a(v5_apijump.c.obj) (vexSystemVersion)
C:\Program Files (x86)\VEX Robotics\VEXcode Pro V5\sdk/vexv5\libv5rt.a(vex_global.cpp.obj)
                              build/src/motion_profile.o (vex::wait(double, vex::timeUnits))
C:\Program Files (x86)\VEX Robotics\VEXcode Pro V5\sdk/vexv5\libv5rt.a(vex_motor.cpp.obj)
                              build/src/robot-config.o (vex::motor::~motor())
C:\Program Files (x86)\VEX Robotics\VEXcode Pro V5\sdk/vexv5\libv5rt.a(vex_vision.cpp.obj)
                              build/src/robot-config.o (vex::vision::~vision())
C:\Program Files (x86)\VEX Robotics\VEXcode Pro V5\sdk/vexv5\libv5rt.a(vex_imu.cpp.obj)
                              build/src/robot-config.o (vex::inertial::~inertial())
C:\Program Files (x86)\VEX Robotics\VEXcode Pro V5\sdk/vexv5\libv5rt.a(vex_controller.cpp.obj)
                              build/src/robot-config.o (vex::controller::~controller())
C:\Program Files (x86)\VEX Robotics\VEXcode Pro V5\sdk/vexv5\libv5rt.a(vex_thread.cpp.obj)
                              build/src/opcontrol.o (vex::thread::thread(int (*)()))
C:\Program Files (x86)\VEX Robotics\VEXcode Pro V5\sdk/vexv5\libv5rt.a(vex_event.cpp.obj)
                              C:\Program Files (x86)\VEX Robotics\VEXcode Pro V5\sdk/vexv5\libv5rt.a(vex_imu.cpp.obj) (vex::event::init(unsigned long, unsigned long, void (*)()))
C:\Program Files (x86)\VEX Robotics\VEXcode Pro V5\sdk/vexv5\libv5rt.a(vex_mevent.cpp.obj)
                              C:\Program Files (x86)\VEX Robotics\VEXcode Pro V5\sdk/vexv5\libv5rt.a(vex_controller.cpp.obj) (vex::mevent::mevent(unsigned long, unsigned long))
C:\Program Files (x86)\VEX Robotics\VEXcode Pro V5\sdk/vexv5\libv5rt.a(vex_brain.cpp.obj)
                              build/src/robot-config.o (vex::brain::brain())
C:\Program Files (x86)\VEX Robotics\VEXcode Pro V5\sdk/vexv5\libv5rt.a(vex_competition.cpp.obj)
                              build/src/main.o (vex::competition::competition())
C:\Program Files (x86)\VEX Robotics\VEXcode Pro V5\sdk/vexv5\libv5rt.a(vex_triport.cpp.obj)
                              build/src/robot-config.o (vex::triport::~triport())
C:\Program Files (x86)\VEX Robotics\VEXcode Pro V5\sdk/vexv5\libv5rt.a(vex_color.cpp.obj)
                              build/src/main.o (vex::color::~color())
C:\Program Files (x86)\VEX Robotics\VEXcode Pro V5\sdk/vexv5\libv5rt.a(vex_timer.cpp.obj)
                              C:\Program Files (x86)\VEX Robotics\VEXcode Pro V5\sdk/vexv5\libv5rt.a(vex_brain.cpp.obj) (vex::timer::~timer())
C:\Program Files (x86)\VEX Robotics\VEXcode Pro V5\sdk/vexv5\libv5rt.a(v5_apiuser.c.obj)
                              C:\Program Files (x86)\VEX Robotics\VEXcode Pro V5\sdk/vexv5\libv5rt.a(vex_triport.cpp.obj) (vexAdiPortConfigSet)
C:\Program Files (x86)\VEX Robotics\VEXcode Pro V5\sdk/vexv5\libv5rt.a(vex_device.cpp.obj)
                              C:\Program Files (x86)\VEX Robotics\VEXcode Pro V5\sdk/vexv5\libv5rt.a(vex_motor.cpp.obj) (vex::device::~device())
C:\Program Files (x86)\VEX Robotics\VEXcode Pro V5\sdk/vexv5\libv5rt.a(vex_task.cpp.obj)
                              C:\Program Files (x86)\VEX Robotics\VEXcode Pro V5\sdk/vexv5\libv5rt.a(vex_competition.cpp.obj) (vex::task::task(int (*)()))
C:\Program Files (x86)\VEX Robotics\VEXcode Pro V5\sdk/vexv5/gcc/libs\libc.a(lib_a-aeabi_memcpy.o)
                              build/src/vision.o (__aeabi_memcpy8)
C:\Program Files (x86)\VEX Robotics\VEXcode Pro V5\sdk/vexv5/gcc/libs\libc.a(lib_a-fini.o)
                              C:\Program Files (x86)\VEX Robotics\VEXcode Pro V5\sdk/vexv5\libv5rt.a(v5_startup.c.obj) (__libc_fini_array)
C:\Program Files (x86)\VEX Robotics\VEXcode Pro V5\sdk/vexv5/gcc/libs\libc.a(lib_a-impure.o)
                              C:\Program Files (x86)\VEX Robotics\VEXcode Pro V5\sdk/vexv5\libv5rt.a(v5_startup.c.obj) (_impure_ptr)
C:\Program Files (x86)\VEX Robotics\VEXcode Pro V5\sdk/vexv5/gcc/libs\libc.a(lib_a-init.o)
                              C:\Program Files (x86)\VEX Robotics\VEXcode Pro V5\sdk/vexv5\libv5rt.a(v5_startup.c.obj) (__libc_init_array)
[...]
Memory Configuration

Name             Origin             Length             Attributes
ps7_ddr_0_S_AXI_BASEADDR 0x03800000         0x04800000
*default*        0x00000000         0xffffffff

Linker script and memory map

                0x00002000                _STACK_SIZE = DEFINED (_STACK_SIZE)?_STACK_SIZE:0x2000
                0x00100000                _HEAP_SIZE = DEFINED (_HEAP_SIZE)?_HEAP_SIZE:0x100000
                0x00000400                _ABORT_STACK_SIZE = DEFINED (_ABORT_STACK_SIZE)?_ABORT_STACK_SIZE:0x400
                0x00000800                _SUPERVISOR_STACK_SIZE = DEFINED (_SUPERVISOR_STACK_SIZE)?_SUPERVISOR_STACK_SIZE:0x800
                0x00000400                _IRQ_STACK_SIZE = DEFINED (_IRQ_STACK_SIZE)?_IRQ_STACK_SIZE:0x400
                0x00000400                _FIQ_STACK_SIZE = DEFINED (_FIQ_STACK_SIZE)?_FIQ_STACK_SIZE:0x400
                0x00000400                _UNDEF_STACK_SIZE = DEFINED (_UNDEF_STACK_SIZE)?_UNDEF_STACK_SIZE:0x400

.text           0x03800000     0x7d90
 *(.vectors)
 *(.boot_data)
 .boot_data     0x03800000       0x20 C:\Program Files (x86)\VEX Robotics\VEXcode Pro V5\sdk/vexv5\libv5rt.a(v5_startup.c.obj)
                0x03800000                vexCodeSig
                0x00000020                . = 0x20
 *(.boot)
 .boot          0x03800020       0xbc C:\Program Files (x86)\VEX Robotics\VEXcode Pro V5\sdk/vexv5\libv5rt.a(v5_startup.c.obj)
                0x03800020                vexStartup
                0x03800100                . = ALIGN (0x40)
 *fill*         0x038000dc       0x24 
 *(.freertos_vectors)
 *(.text)
 *(.text.*)
 .text._Z4movedb
                0x03800100      0x17c build/src/motion_profile.o
                0x03800100                move(double, bool)
 *fill*         0x0380027c        0x4 
 .text._Z10acceleratev
                0x03800280      0x1b8 build/src/motion_profile.o
                0x03800280                accelerate()
 .text._Z10deceleratev
                0x03800438      0x220 build/src/motion_profile.o
                0x03800438                decelerate()
 .text._Z12driveProfileidb
                0x03800658      0x390 build/src/motion_profile.o
                0x03800658                driveProfile(int, double, bool)
 .text.__cxx_global_array_dtor
                0x038009e8       0x3c build/src/main.o
 .text._Z10autonomousv
                0x03800a24       0x58 build/src/main.o
                0x03800a24                autonomous()
 *fill*         0x03800a7c        0x4 
 .text.main     0x03800a80      0x1c0 build/src/main.o
                0x03800a80                main
 .text._ZN6Button6renderEv
                0x03800c40       0x5c build/src/main.o
                0x03800c40                Button::render()
 .text._ZN6Button9isClickedEv
                0x03800c9c       0x98 build/src/main.o
                0x03800c9c                Button::isClicked()
 .text._Z8taskStopv
                0x03800d34        0xc build/src/main.o
                0x03800d34                taskStop()
 .text._GLOBAL__sub_I_main.cpp
                0x03800d40      0x724 build/src/main.o
 .text._Z17drivetrainControlv
                0x03801464       0x94 build/src/drivetrain.o
                0x03801464                drivetrainControl()
 .text._Z18setDrivetrainSpeeddd
                0x038014f8       0xe4 build/src/drivetrain.o
                0x038014f8                setDrivetrainSpeed(double, double)
 .text._Z21setDrivetrainStoppingv
                0x038015dc       0xa0 build/src/drivetrain.o
                0x038015dc                setDrivetrainStopping()
 .text._Z12startBalancev
                0x0380167c      0x11c build/src/drivetrain.o
                0x0380167c                startBalance()
 .text._Z17setDrivetrainLockv
                0x03801798       0x78 build/src/drivetrain.o
                0x03801798                setDrivetrainLock()
 .text._Z18setDrivetrainCreepv
                0x03801810       0x78 build/src/drivetrain.o
                0x03801810                setDrivetrainCreep()
 .text._Z18getInertialHeadingv
                0x03801888       0x10 build/src/drivetrain.o
                0x03801888                getInertialHeading()
 .text._Z26getVerticalEncoderRotationv
                0x03801898       0x28 build/src/drivetrain.o
                0x03801898                getVerticalEncoderRotation()
 .text._Z28getHorizontalEncoderRotationv
                0x038018c0       0x28 build/src/drivetrain.o
                0x038018c0                getHorizontalEncoderRotation()
 .text._Z15resetDrivetrainv
                0x038018e8       0x54 build/src/drivetrain.o
                0x038018e8                resetDrivetrain()
 .text._Z13resetEncodersv
                0x0380193c       0x24 build/src/drivetrain.o
                0x0380193c                resetEncoders()
 .text._Z17calibrateInertialv
                0x03801960       0x68 build/src/drivetrain.o
                0x03801960                calibrateInertial()
 .text._Z9timeDrivedi
                0x038019c8      0x144 build/src/drivetrain.o
                0x038019c8                timeDrive(double, int)
 .text._Z9opcontrolv
                0x03801b0c       0x58 build/src/opcontrol.o
                0x03801b0c                opcontrol()
 .text._ZN3vex6visionC2IJNS0_9signatureES2_S2_EEElhDpRT_
                0x03801b64       0x4c build/src/robot-config.o
                0x03801b64                vex::vision::vision<vex::vision::signature, vex::vision::signature, vex::vision::signature>(long, unsigned char, vex::vision::signature&, vex::vision::signature&, vex::vision::signature&)
 .text._Z11vexcodeInitv
                0x03801bb0        0x4 build/src/robot-config.o
                0x03801bb0                vexcodeInit()
 .text._GLOBAL__sub_I_robot_config.cpp
                0x03801bb4      0x598 build/src/robot-config.o
 *fill*         0x0380214c        0x4 
 .text._Z15allianceMainCutv
                0x03802150      0x188 build/src/mapping.o
                0x03802150                allianceMainCut()
 .text._Z17alliancerightGoalv
                0x038022d8      0x198 build/src/mapping.o
                0x038022d8                alliancerightGoal()
 .text._Z17rightsidewinpointv
                0x03802470       0xd0 build/src/mapping.o
                0x03802470                rightsidewinpoint()
 .text._Z16allianceleftGoalv
                0x03802540      0x118 build/src/mapping.o
                0x03802540                allianceleftGoal()
 .text._Z6skillsv
                0x03802658      0x408 build/src/mapping.o
                0x03802658                skills()
 .text._Z14horizontalmovev
                0x03802a60      0x108 build/src/odometry.o
                0x03802a60                horizontalmove()
 .text._Z14drivetrainTurnd
                0x03802b68      0x3d8 build/src/odometry.o
                0x03802b68                drivetrainTurn(double)
 .text._Z6setPosdddb
                0x03802f40      0x3c8 build/src/odometry.o
                0x03802f40                setPos(double, double, double, bool)
 .text._Z6getPosv
                0x03803308      0x208 build/src/odometry.o
                0x03803308                getPos()
 .text._Z5test3v
                0x03803510      0x138 build/src/odometry.o
                0x03803510                test3()
 .text._Z8preautonv
                0x03803648       0x58 build/src/preauton.o
                0x03803648                preauton()
 .text._Z11liftControlv
                0x038036a0       0x5c build/src/lifts.o
                0x038036a0                liftControl()
 *fill*         0x038036fc        0x4 
 .text._Z22setFourBarSpeedHoldingi
                0x03803700      0x1c0 build/src/lifts.o
                0x03803700                setFourBarSpeedHolding(int)
 .text._Z15getFourBarSpeedv
                0x038038c0       0x8c build/src/lifts.o
                0x038038c0                getFourBarSpeed()
 .text._Z14setIntakeSpeedv
                0x0380394c      0x208 build/src/lifts.o
                0x0380394c                setIntakeSpeed()
 .text._Z12setRearClampv
                0x03803b54       0x5c build/src/lifts.o
                0x03803b54                setRearClamp()
 .text._Z13setFrontClampv
                0x03803bb0       0x5c build/src/lifts.o
                0x03803bb0                setFrontClamp()
 .text._Z13fourBarGroundv
                0x03803c0c      0x14c build/src/lifts.o
                0x03803c0c                fourBarGround()
 .text._Z11fourBarRingv
                0x03803d58      0x148 build/src/lifts.o
                0x03803d58                fourBarRing()
 .text._Z13fourBarSeasawv
                0x03803ea0      0x148 build/src/lifts.o
                0x03803ea0                fourBarSeasaw()
 .text._Z18setFourBarPositioni
                0x03803fe8       0x80 build/src/lifts.o
                0x03803fe8                setFourBarPosition(int)
 .text._Z21setFourBarIntakeAutonv
                0x03804068      0x138 build/src/lifts.o
                0x03804068                setFourBarIntakeAuton()
 .text._Z12changeArmPosi
                0x038041a0       0x10 build/src/lifts.o
                0x038041a0                changeArmPos(int)
 .text._Z10intakeMoveb
                0x038041b0       0x20 build/src/lifts.o
                0x038041b0                intakeMove(bool)
 .text._Z17setRearClampAutonv
                0x038041d0       0x2c build/src/lifts.o
                0x038041d0                setRearClampAuton()
 .text._Z18setFrontClampAutonv
                0x038041fc       0x2c build/src/lifts.o
                0x038041fc                setFrontClampAuton()
 .text._GLOBAL__sub_I_lifts.cpp
                0x03804228       0x24 build/src/lifts.o
 .text._Z11getAxis2Posv
                0x0380424c       0x3c build/src/controller.o
                0x0380424c                getAxis2Pos()
 .text._Z11getAxis3Posv
                0x03804288       0x3c build/src/controller.o
                0x03804288                getAxis3Pos()
 .text._Z11getAxis4Posv
                0x038042c4       0x3c build/src/controller.o
                0x038042c4                getAxis4Pos()
 .text._Z8getL1Posv
                0x03804300       0x10 build/src/controller.o
                0x03804300                getL1Pos()
 .text._Z8getL2Posv
                0x03804310       0x10 build/src/controller.o
                0x03804310                getL2Pos()
 .text._Z8getR1Posv
                0x03804320       0x10 build/src/controller.o
                0x03804320                getR1Pos()
 .text._Z11getRightPosv
                0x03804330       0x10 build/src/controller.o
                0x03804330                getRightPos()
 .text._Z7getXPosv
                0x03804340       0x10 build/src/controller.o
                0x03804340                getXPos()
 .text._Z7getAPosv
                0x03804350       0x10 build/src/controller.o
                0x03804350                getAPos()
 .text._Z7getBPosv
                0x03804360       0x10 build/src/controller.o
                0x03804360                getBPos()
 .text.vexMain  0x03804370       0xb0 C:\Program Files (x86)\VEX Robotics\VEXcode Pro V5\sdk/vexv5\libv5rt.a(v5_startup.c.obj)
                0x03804370                vexMain
 .text.__vex_function_prolog
                0x03804420       0x18 C:\Program Files (x86)\VEX Robotics\VEXcode Pro V5\sdk/vexv5\libv5rt.a(v5_startup.c.obj)
                0x03804420                __vex_function_prolog
 .text._init    0x03804438        0x4 C:\Program Files (x86)\VEX Robotics\VEXcode Pro V5\sdk/vexv5\libv5rt.a(v5_startup.c.obj)
                0x03804438                _init
 .text._fini    0x0380443c        0x4 C:\Program Files (x86)\VEX Robotics\VEXcode Pro V5\sdk/vexv5\libv5rt.a(v5_startup.c.obj)
                0x0380443c                _fini
 .text.vexStdlibVersionLinked
                0x03804440        0xc C:\Program Files (x86)\VEX Robotics\VEXcode Pro V5\sdk/vexv5\libv5rt.a(v5_util.c.obj)
                0x03804440                vexStdlibVersionLinked
 .text.vexStdlibVersionVerify
                0x0380444c       0x30 C:\Program Files (x86)\VEX Robotics\VEXcode Pro V5\sdk/vexv5\libv5rt.a(v5_util.c.obj)
                0x0380444c                vexStdlibVersionVerify
 .text.vexPrivateApiEnable
                0x0380447c       0x10 C:\Program Files (x86)\VEX Robotics\VEXcode Pro V5\sdk/vexv5\libv5rt.a(v5_apijump.c.obj)
                0x0380447c                vexPrivateApiEnable
 .text.vexStdlibMismatchError
                0x0380448c       0x3c C:\Program Files (x86)\VEX Robotics\VEXcode Pro V5\sdk/vexv5\libv5rt.a(v5_apijump.c.obj)
                0x0380448c                vexStdlibMismatchError
 .text.vexScratchMemoryPtr
                0x038044c8       0x30 C:\Program Files (x86)\VEX Robotics\VEXcode Pro V5\sdk/vexv5\libv5rt.a(v5_apijump.c.obj)
                0x038044c8                vexScratchMemoryPtr
 .text.vexTaskAdd
                0x038044f8       0x10 C:\Program Files (x86)\VEX Robotics\VEXcode Pro V5\sdk/vexv5\libv5rt.a(v5_apijump.c.obj)
                0x038044f8                vexTaskAdd
 .text.vexTasksRun
                0x03804508       0x10 C:\Program Files (x86)\VEX Robotics\VEXcode Pro V5\sdk/vexv5\libv5rt.a(v5_apijump.c.obj)
                0x03804508                vexTasksRun
 .text.vexTaskYield
                0x03804518       0x10 C:\Program Files (x86)\VEX Robotics\VEXcode Pro V5\sdk/vexv5\libv5rt.a(v5_apijump.c.obj)
                0x03804518                vexTaskYield
 .text.vexTaskCheckTimeslice
                0x03804528       0x10 C:\Program Files (x86)\VEX Robotics\VEXcode Pro V5\sdk/vexv5\libv5rt.a(v5_apijump.c.obj)
                0x03804528                vexTaskCheckTimeslice
 .text.vexTaskSleep
                0x03804538       0x10 C:\Program Files (x86)\VEX Robotics\VEXcode Pro V5\sdk/vexv5\libv5rt.a(v5_apijump.c.obj)
                0x03804538                vexTaskSleep
 .text.vexTasksDump
                0x03804548       0x1c C:\Program Files (x86)\VEX Robotics\VEXcode Pro V5\sdk/vexv5\libv5rt.a(v5_apijump.c.obj)
                0x03804548                vexTasksDump
 .text.vexTaskGetTaskIndex
                0x03804564       0x10 C:\Program Files (x86)\VEX Robotics\VEXcode Pro V5\sdk/vexv5\libv5rt.a(v5_apijump.c.obj)
                0x03804564                vexTaskGetTaskIndex
 .text.vexTaskStopAll
                0x03804574       0x10 C:\Program Files (x86)\VEX Robotics\VEXcode Pro V5\sdk/vexv5\libv5rt.a(v5_apijump.c.obj)
                0x03804574                vexTaskStopAll
 .text.vexTaskRemoveAllUser
                0x03804584       0x34 C:\Program Files (x86)\VEX Robotics\VEXcode Pro V5\sdk/vexv5\libv5rt.a(v5_apijump.c.obj)
                0x03804584                vexTaskRemoveAllUser
 .text.vexTaskCompletionIdSet
                0x038045b8       0x10 C:\Program Files (x86)\VEX Robotics\VEXcode Pro V5\sdk/vexv5\libv5rt.a(v5_apijump.c.obj)
                0x038045b8                vexTaskCompletionIdSet
 .text.vexTaskStopWithId
                0x038045c8       0x10 C:\Program Files (x86)\VEX Robotics\VEXcode Pro V5\sdk/vexv5\libv5rt.a(v5_apijump.c.obj)
                0x038045c8                vexTaskStopWithId
 .text.vexCriticalSection
                0x038045d8       0x2c C:\Program Files (x86)\VEX Robotics\VEXcode Pro V5\sdk/vexv5\libv5rt.a(v5_apijump.c.obj)
                0x038045d8                vexCriticalSection
 .text.vexEventAdd
                0x03804604       0x34 C:\Program Files (x86)\VEX Robotics\VEXcode Pro V5\sdk/vexv5\libv5rt.a(v5_apijump.c.obj)
                0x03804604                vexEventAdd
 .text.vexEventUserIndexGet
                0x03804638       0x1c C:\Program Files (x86)\VEX Robotics\VEXcode Pro V5\sdk/vexv5\libv5rt.a(v5_apijump.c.obj)
                0x03804638                vexEventUserIndexGet
 .text.vexEventAddWithArg
                0x03804654       0x3c C:\Program Files (x86)\VEX Robotics\VEXcode Pro V5\sdk/vexv5\libv5rt.a(v5_apijump.c.obj)
                0x03804654                vexEventAddWithArg
 .text.vexEventsCleanup
                0x03804690       0x2c C:\Program Files (x86)\VEX Robotics\VEXcode Pro V5\sdk/vexv5\libv5rt.a(v5_apijump.c.obj)
                0x03804690                vexEventsCleanup
 .text.vexDebug
                0x038046bc       0x38 C:\Program Files (x86)\VEX Robotics\VEXcode Pro V5\sdk/vexv5\libv5rt.a(v5_apijump.c.obj)
                0x038046bc                vexDebug
 .text.vex_sprintf
                0x038046f4       0x40 C:\Program Files (x86)\VEX Robotics\VEXcode Pro V5\sdk/vexv5\libv5rt.a(v5_apijump.c.obj)
                0x038046f4                vex_sprintf
 .text.vex_vsnprintf
                0x03804734       0x3c C:\Program Files (x86)\VEX Robotics\VEXcode Pro V5\sdk/vexv5\libv5rt.a(v5_apijump.c.obj)
                0x03804734                vex_vsnprintf
 .text.vexSystemTimeGet
                0x03804770       0x1c C:\Program Files (x86)\VEX Robotics\VEXcode Pro V5\sdk/vexv5\libv5rt.a(v5_apijump.c.obj)
                0x03804770                vexSystemTimeGet
 .text.vexSystemExitRequest
                0x0380478c       0x1c C:\Program Files (x86)\VEX Robotics\VEXcode Pro V5\sdk/vexv5\libv5rt.a(v5_apijump.c.obj)
                0x0380478c                vexSystemExitRequest
 .text.vexDeviceGetByIndex
                0x038047a8       0x24 C:\Program Files (x86)\VEX Robotics\VEXcode Pro V5\sdk/vexv5\libv5rt.a(v5_apijump.c.obj)
                0x038047a8                vexDeviceGetByIndex
 .text.vexControllerGet
                0x038047cc       0x2c C:\Program Files (x86)\VEX Robotics\VEXcode Pro V5\sdk/vexv5\libv5rt.a(v5_apijump.c.obj)
                0x038047cc                vexControllerGet
 .text.vexControllerTextSet
                0x038047f8       0x74 C:\Program Files (x86)\VEX Robotics\VEXcode Pro V5\sdk/vexv5\libv5rt.a(v5_apijump.c.obj)
                0x038047f8                vexControllerTextSet
 .text.vexDeviceAdiPortConfigSet
                0x0380486c       0x34 C:\Program Files (x86)\VEX Robotics\VEXcode Pro V5\sdk/vexv5\libv5rt.a(v5_apijump.c.obj)
                0x0380486c                vexDeviceAdiPortConfigSet
 .text.vexDeviceAdiPortConfigGet
                0x038048a0       0x2c C:\Program Files (x86)\VEX Robotics\VEXcode Pro V5\sdk/vexv5\libv5rt.a(v5_apijump.c.obj)
                0x038048a0                vexDeviceAdiPortConfigGet
 .text.vexDeviceAdiValueSet
                0x038048cc       0x34 C:\Program Files (x86)\VEX Robotics\VEXcode Pro V5\sdk/vexv5\libv5rt.a(v5_apijump.c.obj)
                0x038048cc                vexDeviceAdiValueSet
 .text.vexDeviceAdiValueGet
                0x03804900       0x2c C:\Program Files (x86)\VEX Robotics\VEXcode Pro V5\sdk/vexv5\libv5rt.a(v5_apijump.c.obj)
                0x03804900                vexDeviceAdiValueGet
 .text.vexDeviceMotorVelocitySet
                0x0380492c       0x2c C:\Program Files (x86)\VEX Robotics\VEXcode Pro V5\sdk/vexv5\libv5rt.a(v5_apijump.c.obj)
                0x0380492c                vexDeviceMotorVelocitySet
 .text.vexDeviceMotorVoltageSet
                0x03804958       0x2c C:\Program Files (x86)\VEX Robotics\VEXcode Pro V5\sdk/vexv5\libv5rt.a(v5_apijump.c.obj)
                0x03804958                vexDeviceMotorVoltageSet
 .text.vexDeviceMotorActualVelocityGet
                0x03804984       0x24 C:\Program Files (x86)\VEX Robotics\VEXcode Pro V5\sdk/vexv5\libv5rt.a(v5_apijump.c.obj)
                0x03804984                vexDeviceMotorActualVelocityGet
 .text.vexDeviceMotorZeroPositionFlagGet
                0x038049a8       0x24 C:\Program Files (x86)\VEX Robotics\VEXcode Pro V5\sdk/vexv5\libv5rt.a(v5_apijump.c.obj)
                0x038049a8                vexDeviceMotorZeroPositionFlagGet
 .text.vexDeviceMotorReverseFlagSet
                0x038049cc       0x2c C:\Program Files (x86)\VEX Robotics\VEXcode Pro V5\sdk/vexv5\libv5rt.a(v5_apijump.c.obj)
                0x038049cc                vexDeviceMotorReverseFlagSet
 .text.vexDeviceMotorEncoderUnitsSet
                0x038049f8       0x2c C:\Program Files (x86)\VEX Robotics\VEXcode Pro V5\sdk/vexv5\libv5rt.a(v5_apijump.c.obj)
                0x038049f8                vexDeviceMotorEncoderUnitsSet
 .text.vexDeviceMotorBrakeModeSet
                0x03804a24       0x2c C:\Program Files (x86)\VEX Robotics\VEXcode Pro V5\sdk/vexv5\libv5rt.a(v5_apijump.c.obj)
                0x03804a24                vexDeviceMotorBrakeModeSet
 .text.vexDeviceMotorPositionSet
                0x03804a50       0x34 C:\Program Files (x86)\VEX Robotics\VEXcode Pro V5\sdk/vexv5\libv5rt.a(v5_apijump.c.obj)
                0x03804a50                vexDeviceMotorPositionSet
 .text.vexDeviceMotorGearingSet
                0x03804a84       0x2c C:\Program Files (x86)\VEX Robotics\VEXcode Pro V5\sdk/vexv5\libv5rt.a(v5_apijump.c.obj)
                0x03804a84                vexDeviceMotorGearingSet
 .text.vexDeviceMotorGearingGet
                0x03804ab0       0x24 C:\Program Files (x86)\VEX Robotics\VEXcode Pro V5\sdk/vexv5\libv5rt.a(v5_apijump.c.obj)
                0x03804ab0                vexDeviceMotorGearingGet
 .text.vexDeviceVisionModeSet
                0x03804ad4       0x2c C:\Program Files (x86)\VEX Robotics\VEXcode Pro V5\sdk/vexv5\libv5rt.a(v5_apijump.c.obj)
                0x03804ad4                vexDeviceVisionModeSet
 .text.vexDeviceVisionObjectCountGet
                0x03804b00       0x24 C:\Program Files (x86)\VEX Robotics\VEXcode Pro V5\sdk/vexv5\libv5rt.a(v5_apijump.c.obj)
                0x03804b00                vexDeviceVisionObjectCountGet
 .text.vexDeviceVisionObjectGet
                0x03804b24       0x34 C:\Program Files (x86)\VEX Robotics\VEXcode Pro V5\sdk/vexv5\libv5rt.a(v5_apijump.c.obj)
                0x03804b24                vexDeviceVisionObjectGet
 .text.vexDeviceVisionSignatureSet
                0x03804b58       0x2c C:\Program Files (x86)\VEX Robotics\VEXcode Pro V5\sdk/vexv5\libv5rt.a(v5_apijump.c.obj)
                0x03804b58                vexDeviceVisionSignatureSet
 .text.vexDeviceVisionBrightnessSet
                0x03804b84       0x2c C:\Program Files (x86)\VEX Robotics\VEXcode Pro V5\sdk/vexv5\libv5rt.a(v5_apijump.c.obj)
                0x03804b84                vexDeviceVisionBrightnessSet
 .text.vexDeviceVisionLedModeSet
                0x03804bb0       0x2c C:\Program Files (x86)\VEX Robotics\VEXcode Pro V5\sdk/vexv5\libv5rt.a(v5_apijump.c.obj)
                0x03804bb0                vexDeviceVisionLedModeSet
 .text.vexDeviceVisionLedColorSet
                0x03804bdc       0x30 C:\Program Files (x86)\VEX Robotics\VEXcode Pro V5\sdk/vexv5\libv5rt.a(v5_apijump.c.obj)
                0x03804bdc                vexDeviceVisionLedColorSet
 .text.vexDeviceImuReset
                0x03804c0c       0x24 C:\Program Files (x86)\VEX Robotics\VEXcode Pro V5\sdk/vexv5\libv5rt.a(v5_apijump.c.obj)
                0x03804c0c                vexDeviceImuReset
 .text.vexDeviceImuHeadingGet
                0x03804c30       0x24 C:\Program Files (x86)\VEX Robotics\VEXcode Pro V5\sdk/vexv5\libv5rt.a(v5_apijump.c.obj)
                0x03804c30                vexDeviceImuHeadingGet
 .text.vexDeviceImuDegreesGet
                0x03804c54       0x24 C:\Program Files (x86)\VEX Robotics\VEXcode Pro V5\sdk/vexv5\libv5rt.a(v5_apijump.c.obj)
                0x03804c54                vexDeviceImuDegreesGet
 .text.vexDeviceImuAttitudeGet
                0x03804c78       0x2c C:\Program Files (x86)\VEX Robotics\VEXcode Pro V5\sdk/vexv5\libv5rt.a(v5_apijump.c.obj)
                0x03804c78                vexDeviceImuAttitudeGet
 .text.vexDeviceImuStatusGet
                0x03804ca4       0x24 C:\Program Files (x86)\VEX Robotics\VEXcode Pro V5\sdk/vexv5\libv5rt.a(v5_apijump.c.obj)
                0x03804ca4                vexDeviceImuStatusGet
 .text.vexDisplayForegroundColor
                0x03804cc8       0x24 C:\Program Files (x86)\VEX Robotics\VEXcode Pro V5\sdk/vexv5\libv5rt.a(v5_apijump.c.obj)
                0x03804cc8                vexDisplayForegroundColor
 .text.vexDisplayBackgroundColor
                0x03804cec       0x24 C:\Program Files (x86)\VEX Robotics\VEXcode Pro V5\sdk/vexv5\libv5rt.a(v5_apijump.c.obj)
                0x03804cec                vexDisplayBackgroundColor
 .text.vexDisplayBackgroundColorGet
                0x03804d10       0x1c C:\Program Files (x86)\VEX Robotics\VEXcode Pro V5\sdk/vexv5\libv5rt.a(v5_apijump.c.obj)
                0x03804d10                vexDisplayBackgroundColorGet
 .text.vexDisplayCopyRect
                0x03804d2c       0x5c C:\Program Files (x86)\VEX Robotics\VEXcode Pro V5\sdk/vexv5\libv5rt.a(v5_apijump.c.obj)
                0x03804d2c                vexDisplayCopyRect
 .text.vexDisplayRectDraw
                0x03804d88       0x4c C:\Program Files (x86)\VEX Robotics\VEXcode Pro V5\sdk/vexv5\libv5rt.a(v5_apijump.c.obj)
                0x03804d88                vexDisplayRectDraw
 .text.vexDisplayRectClear
                0x03804dd4       0x4c C:\Program Files (x86)\VEX Robotics\VEXcode Pro V5\sdk/vexv5\libv5rt.a(v5_apijump.c.obj)
                0x03804dd4                vexDisplayRectClear
 .text.vexDisplayVPrintf
                0x03804e20       0x50 C:\Program Files (x86)\VEX Robotics\VEXcode Pro V5\sdk/vexv5\libv5rt.a(v5_apijump.c.obj)
                0x03804e20                vexDisplayVPrintf
 .text.vexDisplayTextReference
                0x03804e70       0x24 C:\Program Files (x86)\VEX Robotics\VEXcode Pro V5\sdk/vexv5\libv5rt.a(v5_apijump.c.obj)
                0x03804e70                vexDisplayTextReference
 .text.vexDisplayTextSize
                0x03804e94       0x2c C:\Program Files (x86)\VEX Robotics\VEXcode Pro V5\sdk/vexv5\libv5rt.a(v5_apijump.c.obj)
                0x03804e94                vexDisplayTextSize
 .text.vexDisplayFontNamedSet
                0x03804ec0       0x24 C:\Program Files (x86)\VEX Robotics\VEXcode Pro V5\sdk/vexv5\libv5rt.a(v5_apijump.c.obj)
                0x03804ec0                vexDisplayFontNamedSet
 .text.vexDisplayPenSizeGet
                0x03804ee4       0x1c C:\Program Files (x86)\VEX Robotics\VEXcode Pro V5\sdk/vexv5\libv5rt.a(v5_apijump.c.obj)
                0x03804ee4                vexDisplayPenSizeGet
 .text.vexFileOpen
                0x03804f00       0x2c C:\Program Files (x86)\VEX Robotics\VEXcode Pro V5\sdk/vexv5\libv5rt.a(v5_apijump.c.obj)
                0x03804f00                vexFileOpen
 .text.vexFileClose
                0x03804f2c       0x24 C:\Program Files (x86)\VEX Robotics\VEXcode Pro V5\sdk/vexv5\libv5rt.a(v5_apijump.c.obj)
                0x03804f2c                vexFileClose
 .text.vexFileRead
                0x03804f50       0x3c C:\Program Files (x86)\VEX Robotics\VEXcode Pro V5\sdk/vexv5\libv5rt.a(v5_apijump.c.obj)
                0x03804f50                vexFileRead
 .text.vexFileSize
                0x03804f8c       0x24 C:\Program Files (x86)\VEX Robotics\VEXcode Pro V5\sdk/vexv5\libv5rt.a(v5_apijump.c.obj)
                0x03804f8c                vexFileSize
 .text.vexSystemStdlibImpureDataAddr
                0x03804fb0       0x28 C:\Program Files (x86)\VEX Robotics\VEXcode Pro V5\sdk/vexv5\libv5rt.a(v5_apijump.c.obj)
                0x03804fb0                vexSystemStdlibImpureDataAddr
 .text.vexSystemStdlibImpureDataSize
                0x03804fd8       0x28 C:\Program Files (x86)\VEX Robotics\VEXcode Pro V5\sdk/vexv5\libv5rt.a(v5_apijump.c.obj)
                0x03804fd8                vexSystemStdlibImpureDataSize
 .text.vexSystemSaveUserData
                0x03805000       0x3c C:\Program Files (x86)\VEX Robotics\VEXcode Pro V5\sdk/vexv5\libv5rt.a(v5_apijump.c.obj)
                0x03805000                vexSystemSaveUserData
 .text.vexTouchDataGet
                0x0380503c       0x10 C:\Program Files (x86)\VEX Robotics\VEXcode Pro V5\sdk/vexv5\libv5rt.a(v5_apijump.c.obj)
                0x0380503c                vexTouchDataGet
 .text.vexImageBmpRead
                0x0380504c       0x3c C:\Program Files (x86)\VEX Robotics\VEXcode Pro V5\sdk/vexv5\libv5rt.a(v5_apijump.c.obj)
                0x0380504c                vexImageBmpRead
 .text.vexImagePngRead
                0x03805088       0x44 C:\Program Files (x86)\VEX Robotics\VEXcode Pro V5\sdk/vexv5\libv5rt.a(v5_apijump.c.obj)
                0x03805088                vexImagePngRead
 .text.vexDisplayThemeIdGet
                0x038050cc       0x38 C:\Program Files (x86)\VEX Robotics\VEXcode Pro V5\sdk/vexv5\libv5rt.a(v5_apijump.c.obj)
                0x038050cc                vexDisplayThemeIdGet
 .text.vexCompetitionStatus
                0x03805104       0x1c C:\Program Files (x86)\VEX Robotics\VEXcode Pro V5\sdk/vexv5\libv5rt.a(v5_apijump.c.obj)
                0x03805104                vexCompetitionStatus
 .text.vexDeviceEventMaskSet
                0x03805120       0x48 C:\Program Files (x86)\VEX Robotics\VEXcode Pro V5\sdk/vexv5\libv5rt.a(v5_apijump.c.obj)
                0x03805120                vexDeviceEventMaskSet
 .text.vexDeviceEventMaskGet
                0x03805168       0x3c C:\Program Files (x86)\VEX Robotics\VEXcode Pro V5\sdk/vexv5\libv5rt.a(v5_apijump.c.obj)
                0x03805168                vexDeviceEventMaskGet
 .text.vexSystemVersion
                0x038051a4       0x10 C:\Program Files (x86)\VEX Robotics\VEXcode Pro V5\sdk/vexv5\libv5rt.a(v5_apiversions.c.obj)
                0x038051a4                vexSystemVersion
 .text.vexStdlibVersion
                0x038051b4       0x10 C:\Program Files (x86)\VEX Robotics\VEXcode Pro V5\sdk/vexv5\libv5rt.a(v5_apiversions.c.obj)
                0x038051b4                vexStdlibVersion
 *fill*         0x038051c4        0x4 
 .text._ZN3vex4waitEdNS_9timeUnitsE
                0x038051c8       0x30 C:\Program Files (x86)\VEX Robotics\VEXcode Pro V5\sdk/vexv5\libv5rt.a(vex_global.cpp.obj)
                0x038051c8                vex::wait(double, vex::timeUnits)
 .text._ZN3vex5motorD2Ev
                0x038051f8       0x20 C:\Program Files (x86)\VEX Robotics\VEXcode Pro V5\sdk/vexv5\libv5rt.a(vex_motor.cpp.obj)
                0x038051f8                vex::motor::~motor()
                0x038051f8                vex::motor::~motor()
 .text._ZN3vex5motorD0Ev
                0x03805218       0x1c C:\Program Files (x86)\VEX Robotics\VEXcode Pro V5\sdk/vexv5\libv5rt.a(vex_motor.cpp.obj)
                0x03805218                vex::motor::~motor()
 .text._ZN3vex5motor9installedEv
                0x03805234       0x18 C:\Program Files (x86)\VEX Robotics\VEXcode Pro V5\sdk/vexv5\libv5rt.a(vex_motor.cpp.obj)
                0x03805234                vex::motor::installed()
 .text._ZN3vex5motor15defaultStoppingENS_9brakeTypeE
                0x0380524c       0x30 C:\Program Files (x86)\VEX Robotics\VEXcode Pro V5\sdk/vexv5\libv5rt.a(vex_motor.cpp.obj)
                0x0380524c                vex::motor::defaultStopping(vex::brakeType)
 .text._ZN3vex5motor8setBrakeENS_9brakeTypeE
                0x0380527c        0x4 C:\Program Files (x86)\VEX Robotics\VEXcode Pro V5\sdk/vexv5\libv5rt.a(vex_motor.cpp.obj)
                0x0380527c                vex::motor::setBrake(vex::brakeType)
 .text._ZN3vex5motor11setStoppingENS_9brakeTypeE
                0x03805280        0x4 C:\Program Files (x86)\VEX Robotics\VEXcode Pro V5\sdk/vexv5\libv5rt.a(vex_motor.cpp.obj)
                0x03805280                vex::motor::setStopping(vex::brakeType)
 .text._ZN3vex5motorC2El
                0x03805284       0x78 C:\Program Files (x86)\VEX Robotics\VEXcode Pro V5\sdk/vexv5\libv5rt.a(vex_motor.cpp.obj)
                0x03805284                vex::motor::motor(long)
                0x03805284                vex::motor::motor(long)
 .text._ZN3vex5motorC2ElNS_11gearSettingEb
                0x038052fc       0x34 C:\Program Files (x86)\VEX Robotics\VEXcode Pro V5\sdk/vexv5\libv5rt.a(vex_motor.cpp.obj)
                0x038052fc                vex::motor::motor(long, vex::gearSetting, bool)
                0x038052fc                vex::motor::motor(long, vex::gearSetting, bool)
 .text._ZN3vex5motor4spinENS_13directionTypeEdNS_12voltageUnitsE
                0x03805330       0x50 C:\Program Files (x86)\VEX Robotics\VEXcode Pro V5\sdk/vexv5\libv5rt.a(vex_motor.cpp.obj)
                0x03805330                vex::motor::spin(vex::directionType, double, vex::voltageUnits)
 .text._ZN3vex5motor10isSpinningEv
                0x03805380       0x38 C:\Program Files (x86)\VEX Robotics\VEXcode Pro V5\sdk/vexv5\libv5rt.a(vex_motor.cpp.obj)
                0x03805380                vex::motor::isSpinning()
 .text._ZN3vex5motor4stopENS_9brakeTypeE
                0x038053b8       0x30 C:\Program Files (x86)\VEX Robotics\VEXcode Pro V5\sdk/vexv5\libv5rt.a(vex_motor.cpp.obj)
                0x038053b8                vex::motor::stop(vex::brakeType)
 .text._ZN3vex5motor4stopEv
                0x038053e8        0x8 C:\Program Files (x86)\VEX Robotics\VEXcode Pro V5\sdk/vexv5\libv5rt.a(vex_motor.cpp.obj)
                0x038053e8                vex::motor::stop()
 .text._ZN3vex5motor16velocityToScaledEdNS_13velocityUnitsE
                0x038053f0       0x5c C:\Program Files (x86)\VEX Robotics\VEXcode Pro V5\sdk/vexv5\libv5rt.a(vex_motor.cpp.obj)
                0x038053f0                vex::motor::velocityToScaled(double, vex::velocityUnits)
 .text._ZN3vex5motor8velocityENS_13velocityUnitsE
                0x0380544c       0x30 C:\Program Files (x86)\VEX Robotics\VEXcode Pro V5\sdk/vexv5\libv5rt.a(vex_motor.cpp.obj)
                0x0380544c                vex::motor::velocity(vex::velocityUnits)
 .text._ZN3vex5motor5valueEv
                0x0380547c       0x1c C:\Program Files (x86)\VEX Robotics\VEXcode Pro V5\sdk/vexv5\libv5rt.a(vex_motor.cpp.obj)
                0x0380547c                vex::motor::value()
 .text._ZN3vex5motor16setRotationUnitsENS_13rotationUnitsE
                0x03805498       0x1c C:\Program Files (x86)\VEX Robotics\VEXcode Pro V5\sdk/vexv5\libv5rt.a(vex_motor.cpp.obj)
                0x03805498                vex::motor::setRotationUnits(vex::rotationUnits)
 .text._ZN3vex5motor11setRotationEdNS_13rotationUnitsE
                0x038054b4       0x44 C:\Program Files (x86)\VEX Robotics\VEXcode Pro V5\sdk/vexv5\libv5rt.a(vex_motor.cpp.obj)
                0x038054b4                vex::motor::setRotation(double, vex::rotationUnits)
 .text._ZN3vex5motor13resetRotationEv
                0x038054f8       0x20 C:\Program Files (x86)\VEX Robotics\VEXcode Pro V5\sdk/vexv5\libv5rt.a(vex_motor.cpp.obj)
                0x038054f8                vex::motor::resetRotation()
 .text._ZN3vex6vision9installedEv
                0x03805518       0x18 C:\Program Files (x86)\VEX Robotics\VEXcode Pro V5\sdk/vexv5\libv5rt.a(vex_vision.cpp.obj)
                0x03805518                vex::vision::installed()
 .text._ZN3vex6visionD2Ev
                0x03805530       0x38 C:\Program Files (x86)\VEX Robotics\VEXcode Pro V5\sdk/vexv5\libv5rt.a(vex_vision.cpp.obj)
                0x03805530                vex::vision::~vision()
                0x03805530                vex::vision::~vision()
 .text._ZN3vex6visionD0Ev
                0x03805568       0x1c C:\Program Files (x86)\VEX Robotics\VEXcode Pro V5\sdk/vexv5\libv5rt.a(vex_vision.cpp.obj)
                0x03805568                vex::vision::~vision()
 .text._ZN3vex6vision12setSignatureERNS0_9signatureE
                0x03805584       0x70 C:\Program Files (x86)\VEX Robotics\VEXcode Pro V5\sdk/vexv5\libv5rt.a(vex_vision.cpp.obj)
                0x03805584                vex::vision::setSignature(vex::vision::signature&)
 .text._ZN3vex6vision7setModeENS0_13detectionModeE
                0x038055f4       0x18 C:\Program Files (x86)\VEX Robotics\VEXcode Pro V5\sdk/vexv5\libv5rt.a(vex_vision.cpp.obj)
                0x038055f4                vex::vision::setMode(vex::vision::detectionMode)
 .text._ZN3vex6vision13setBrightnessEh
                0x0380560c       0x30 C:\Program Files (x86)\VEX Robotics\VEXcode Pro V5\sdk/vexv5\libv5rt.a(vex_vision.cpp.obj)
                0x0380560c                vex::vision::setBrightness(unsigned char)
 .text._ZN3vex6vision10setLedModeENS0_7ledModeE
                0x0380563c       0x18 C:\Program Files (x86)\VEX Robotics\VEXcode Pro V5\sdk/vexv5\libv5rt.a(vex_vision.cpp.obj)
                0x0380563c                vex::vision::setLedMode(vex::vision::ledMode)
 .text._ZN3vex6vision11setLedColorEhhh
                0x03805654       0x30 C:\Program Files (x86)\VEX Robotics\VEXcode Pro V5\sdk/vexv5\libv5rt.a(vex_vision.cpp.obj)
                0x03805654                vex::vision::setLedColor(unsigned char, unsigned char, unsigned char)
 .text._ZN3vex6vision9signatureD2Ev
                0x03805684        0x4 C:\Program Files (x86)\VEX Robotics\VEXcode Pro V5\sdk/vexv5\libv5rt.a(vex_vision.cpp.obj)
                0x03805684                vex::vision::signature::~signature()
                0x03805684                vex::vision::signature::~signature()
 .text._ZN3vex6vision9signature5clearEv
                0x03805688       0x38 C:\Program Files (x86)\VEX Robotics\VEXcode Pro V5\sdk/vexv5\libv5rt.a(vex_vision.cpp.obj)
                0x03805688                vex::vision::signature::clear()
 .text._ZN3vex6vision9signatureC2Ev
                0x038056c0       0x60 C:\Program Files (x86)\VEX Robotics\VEXcode Pro V5\sdk/vexv5\libv5rt.a(vex_vision.cpp.obj)
                0x038056c0                vex::vision::signature::signature()
                0x038056c0                vex::vision::signature::signature()
 .text._ZN3vex6vision9signatureC2Elllllllfl
                0x03805720       0x5c C:\Program Files (x86)\VEX Robotics\VEXcode Pro V5\sdk/vexv5\libv5rt.a(vex_vision.cpp.obj)
                0x03805720                vex::vision::signature::signature(long, long, long, long, long, long, long, float, long)
                0x03805720                vex::vision::signature::signature(long, long, long, long, long, long, long, float, long)
 *fill*         0x0380577c        0x4 
 .text._ZN3vex6vision6object3setE22_V5_DeviceVisionObject
                0x03805780       0x78 C:\Program Files (x86)\VEX Robotics\VEXcode Pro V5\sdk/vexv5\libv5rt.a(vex_vision.cpp.obj)
                0x03805780                vex::vision::object::set(_V5_DeviceVisionObject)
 .text._ZN3vex6vision6object5clearEv
                0x038057f8       0x38 C:\Program Files (x86)\VEX Robotics\VEXcode Pro V5\sdk/vexv5\libv5rt.a(vex_vision.cpp.obj)
                0x038057f8                vex::vision::object::clear()
 .text._ZN3vex6vision6objectC2Ev
                0x03805830       0x58 C:\Program Files (x86)\VEX Robotics\VEXcode Pro V5\sdk/vexv5\libv5rt.a(vex_vision.cpp.obj)
                0x03805830                vex::vision::object::object()
                0x03805830                vex::vision::object::object()
 .text._ZN3vex6vision13_clearObjectsEv
                0x03805888       0x40 C:\Program Files (x86)\VEX Robotics\VEXcode Pro V5\sdk/vexv5\libv5rt.a(vex_vision.cpp.obj)
                0x03805888                vex::vision::_clearObjects()
 .text._ZN3vex6vision6objectaSERKS1_
                0x038058c8       0x74 C:\Program Files (x86)\VEX Robotics\VEXcode Pro V5\sdk/vexv5\libv5rt.a(vex_vision.cpp.obj)
                0x038058c8                vex::vision::object::operator=(vex::vision::object const&)
 .text._ZN3vex6vision12takeSnapshotEmm
                0x0380593c       0xf4 C:\Program Files (x86)\VEX Robotics\VEXcode Pro V5\sdk/vexv5\libv5rt.a(vex_vision.cpp.obj)
                0x0380593c                vex::vision::takeSnapshot(unsigned long, unsigned long)
 .text._ZN3vex6vision12takeSnapshotEm
                0x03805a30        0x8 C:\Program Files (x86)\VEX Robotics\VEXcode Pro V5\sdk/vexv5\libv5rt.a(vex_vision.cpp.obj)
                0x03805a30                vex::vision::takeSnapshot(unsigned long)
 .text._ZN3vex6vision5valueEv
                0x03805a38        0x8 C:\Program Files (x86)\VEX Robotics\VEXcode Pro V5\sdk/vexv5\libv5rt.a(vex_vision.cpp.obj)
                0x03805a38                vex::vision::value()
 .text._ZN3vex6vision6objectaSEl
                0x03805a40       0x38 C:\Program Files (x86)\VEX Robotics\VEXcode Pro V5\sdk/vexv5\libv5rt.a(vex_vision.cpp.obj)
                0x03805a40                vex::vision::object::operator=(long)
 .text._ZN3vex6visionC2El
                0x03805a78       0xa4 C:\Program Files (x86)\VEX Robotics\VEXcode Pro V5\sdk/vexv5\libv5rt.a(vex_vision.cpp.obj)
                0x03805a78                vex::vision::vision(long)
                0x03805a78                vex::vision::vision(long)
 *fill*         0x03805b1c        0x4 
 .text._ZN3vex8inertial10setHeadingEdNS_13rotationUnitsE
                0x03805b20       0x58 C:\Program Files (x86)\VEX Robotics\VEXcode Pro V5\sdk/vexv5\libv5rt.a(vex_imu.cpp.obj)
                0x03805b20                vex::inertial::setHeading(double, vex::rotationUnits)
 .text._ZThn16_N3vex8inertial10setHeadingEdNS_13rotationUnitsE
                0x03805b78        0x8 C:\Program Files (x86)\VEX Robotics\VEXcode Pro V5\sdk/vexv5\libv5rt.a(vex_imu.cpp.obj)
                0x03805b78                non-virtual thunk to vex::inertial::setHeading(double, vex::rotationUnits)
 .text._ZN3vex8inertial11setRotationEdNS_13rotationUnitsE
                0x03805b80       0x58 C:\Program Files (x86)\VEX Robotics\VEXcode Pro V5\sdk/vexv5\libv5rt.a(vex_imu.cpp.obj)
                0x03805b80                vex::inertial::setRotation(double, vex::rotationUnits)
 .text._ZThn16_N3vex8inertial11setRotationEdNS_13rotationUnitsE
                0x03805bd8        0x8 C:\Program Files (x86)\VEX Robotics\VEXcode Pro V5\sdk/vexv5\libv5rt.a(vex_imu.cpp.obj)
                0x03805bd8                non-virtual thunk to vex::inertial::setRotation(double, vex::rotationUnits)
 .text._ZN3vex8inertialD2Ev
                0x03805be0       0x20 C:\Program Files (x86)\VEX Robotics\VEXcode Pro V5\sdk/vexv5\libv5rt.a(vex_imu.cpp.obj)
                0x03805be0                vex::inertial::~inertial()
                0x03805be0                vex::inertial::~inertial()
 .text._ZThn16_N3vex8inertialD1Ev
                0x03805c00        0x8 C:\Program Files (x86)\VEX Robotics\VEXcode Pro V5\sdk/vexv5\libv5rt.a(vex_imu.cpp.obj)
                0x03805c00                non-virtual thunk to vex::inertial::~inertial()
 .text._ZN3vex8inertialD0Ev
                0x03805c08       0x1c C:\Program Files (x86)\VEX Robotics\VEXcode Pro V5\sdk/vexv5\libv5rt.a(vex_imu.cpp.obj)
                0x03805c08                vex::inertial::~inertial()
 .text._ZThn16_N3vex8inertialD0Ev
                0x03805c24        0x8 C:\Program Files (x86)\VEX Robotics\VEXcode Pro V5\sdk/vexv5\libv5rt.a(vex_imu.cpp.obj)
                0x03805c24                non-virtual thunk to vex::inertial::~inertial()
 .text._ZN3vex8inertial9installedEv
                0x03805c2c       0x18 C:\Program Files (x86)\VEX Robotics\VEXcode Pro V5\sdk/vexv5\libv5rt.a(vex_imu.cpp.obj)
                0x03805c2c                vex::inertial::installed()
 .text._ZN3vex8inertial5angleENS_13rotationUnitsE
                0x03805c44       0x60 C:\Program Files (x86)\VEX Robotics\VEXcode Pro V5\sdk/vexv5\libv5rt.a(vex_imu.cpp.obj)
                0x03805c44                vex::inertial::angle(vex::rotationUnits)
 .text._ZThn16_N3vex8inertial5angleENS_13rotationUnitsE
                0x03805ca4        0x8 C:\Program Files (x86)\VEX Robotics\VEXcode Pro V5\sdk/vexv5\libv5rt.a(vex_imu.cpp.obj)
                0x03805ca4                non-virtual thunk to vex::inertial::angle(vex::rotationUnits)
 .text._ZN3vex8inertial7headingENS_13rotationUnitsE
                0x03805cac        0x4 C:\Program Files (x86)\VEX Robotics\VEXcode Pro V5\sdk/vexv5\libv5rt.a(vex_imu.cpp.obj)
                0x03805cac                vex::inertial::heading(vex::rotationUnits)
 .text._ZThn16_N3vex8inertial7headingENS_13rotationUnitsE
                0x03805cb0        0x8 C:\Program Files (x86)\VEX Robotics\VEXcode Pro V5\sdk/vexv5\libv5rt.a(vex_imu.cpp.obj)
                0x03805cb0                non-virtual thunk to vex::inertial::heading(vex::rotationUnits)
 .text._ZN3vex8inertial5valueEv
                0x03805cb8       0x1c C:\Program Files (x86)\VEX Robotics\VEXcode Pro V5\sdk/vexv5\libv5rt.a(vex_imu.cpp.obj)
                0x03805cb8                vex::inertial::value()
 *fill*         0x03805cd4        0x4 
 .text._ZN3vex8inertial8rotationENS_13rotationUnitsE
                0x03805cd8       0x40 C:\Program Files (x86)\VEX Robotics\VEXcode Pro V5\sdk/vexv5\libv5rt.a(vex_imu.cpp.obj)
                0x03805cd8                vex::inertial::rotation(vex::rotationUnits)
 .text._ZThn16_N3vex8inertial8rotationENS_13rotationUnitsE
                0x03805d18        0x8 C:\Program Files (x86)\VEX Robotics\VEXcode Pro V5\sdk/vexv5\libv5rt.a(vex_imu.cpp.obj)
                0x03805d18                non-virtual thunk to vex::inertial::rotation(vex::rotationUnits)
 .text._ZN3vex8inertial13isCalibratingEv
                0x03805d20       0x38 C:\Program Files (x86)\VEX Robotics\VEXcode Pro V5\sdk/vexv5\libv5rt.a(vex_imu.cpp.obj)
                0x03805d20                vex::inertial::isCalibrating()
 .text._ZThn16_N3vex8inertial13isCalibratingEv
                0x03805d58        0x8 C:\Program Files (x86)\VEX Robotics\VEXcode Pro V5\sdk/vexv5\libv5rt.a(vex_imu.cpp.obj)
                0x03805d58                non-virtual thunk to vex::inertial::isCalibrating()
 .text._ZN3vex8inertialC2El
                0x03805d60       0x48 C:\Program Files (x86)\VEX Robotics\VEXcode Pro V5\sdk/vexv5\libv5rt.a(vex_imu.cpp.obj)
                0x03805d60                vex::inertial::inertial(long)
                0x03805d60                vex::inertial::inertial(long)
 .text._ZN3vex8inertial5pitchENS_13rotationUnitsE
                0x03805da8       0x40 C:\Program Files (x86)\VEX Robotics\VEXcode Pro V5\sdk/vexv5\libv5rt.a(vex_imu.cpp.obj)
                0x03805da8                vex::inertial::pitch(vex::rotationUnits)
 .text._ZN3vex8inertial16startCalibrationEl
                0x03805de8       0x20 C:\Program Files (x86)\VEX Robotics\VEXcode Pro V5\sdk/vexv5\libv5rt.a(vex_imu.cpp.obj)
                0x03805de8                vex::inertial::startCalibration(long)
 .text._ZN3vex8inertial9calibrateEl
                0x03805e08        0xc C:\Program Files (x86)\VEX Robotics\VEXcode Pro V5\sdk/vexv5\libv5rt.a(vex_imu.cpp.obj)
                0x03805e08                vex::inertial::calibrate(long)
                0x03805e0c                non-virtual thunk to vex::inertial::calibrate(long)
 .text._ZN3vex10controllerD2Ev
                0x03805e14        0x4 C:\Program Files (x86)\VEX Robotics\VEXcode Pro V5\sdk/vexv5\libv5rt.a(vex_controller.cpp.obj)
                0x03805e14                vex::controller::~controller()
                0x03805e14                vex::controller::~controller()
 .text._ZN3vex10controller5valueE19_V5_ControllerIndex
                0x03805e18        0x8 C:\Program Files (x86)\VEX Robotics\VEXcode Pro V5\sdk/vexv5\libv5rt.a(vex_controller.cpp.obj)
                0x03805e18                vex::controller::value(_V5_ControllerIndex)
 .text._ZN3vex10controller6button8pressingEv
                0x03805e20       0xc8 C:\Program Files (x86)\VEX Robotics\VEXcode Pro V5\sdk/vexv5\libv5rt.a(vex_controller.cpp.obj)
                0x03805e20                vex::controller::button::pressing()
 .text._ZN3vex10controller6button21_buttonToPressedEventEv
                0x03805ee8       0x20 C:\Program Files (x86)\VEX Robotics\VEXcode Pro V5\sdk/vexv5\libv5rt.a(vex_controller.cpp.obj)
                0x03805ee8                vex::controller::button::_buttonToPressedEvent()
 .text._ZN3vex10controller6button22_buttonToReleasedEventEv
                0x03805f08       0x20 C:\Program Files (x86)\VEX Robotics\VEXcode Pro V5\sdk/vexv5\libv5rt.a(vex_controller.cpp.obj)
                0x03805f08                vex::controller::button::_buttonToReleasedEvent()
 .text._ZN3vex10controller6buttonC2ENS0_11tButtonTypeEPS0_
                0x03805f28       0x48 C:\Program Files (x86)\VEX Robotics\VEXcode Pro V5\sdk/vexv5\libv5rt.a(vex_controller.cpp.obj)
                0x03805f28                vex::controller::button::button(vex::controller::tButtonType, vex::controller*)
                0x03805f28                vex::controller::button::button(vex::controller::tButtonType, vex::controller*)
 .text._ZN3vex10controller4axis5valueEv
                0x03805f70       0x58 C:\Program Files (x86)\VEX Robotics\VEXcode Pro V5\sdk/vexv5\libv5rt.a(vex_controller.cpp.obj)
                0x03805f70                vex::controller::axis::value()
 .text._ZN3vex10controller4axis8positionENS_12percentUnitsE
                0x03805fc8       0x1c C:\Program Files (x86)\VEX Robotics\VEXcode Pro V5\sdk/vexv5\libv5rt.a(vex_controller.cpp.obj)
                0x03805fc8                vex::controller::axis::position(vex::percentUnits)
 .text._ZN3vex10controller4axis23_joystickToChangedEventEv
                0x03805fe4       0x20 C:\Program Files (x86)\VEX Robotics\VEXcode Pro V5\sdk/vexv5\libv5rt.a(vex_controller.cpp.obj)
                0x03805fe4                vex::controller::axis::_joystickToChangedEvent()
 .text._ZN3vex10controller4axisC2ENS0_9tAxisTypeEPS0_
                0x03806004       0x2c C:\Program Files (x86)\VEX Robotics\VEXcode Pro V5\sdk/vexv5\libv5rt.a(vex_controller.cpp.obj)
                0x03806004                vex::controller::axis::axis(vex::controller::tAxisType, vex::controller*)
                0x03806004                vex::controller::axis::axis(vex::controller::tAxisType, vex::controller*)
 .text._ZN3vex10controllerC2ENS_14controllerTypeE
                0x03806030      0x204 C:\Program Files (x86)\VEX Robotics\VEXcode Pro V5\sdk/vexv5\libv5rt.a(vex_controller.cpp.obj)
                0x03806030                vex::controller::controller(vex::controllerType)
                0x03806030                vex::controller::controller(vex::controllerType)
 .text._ZN3vex10controller3lcd15getControllerIdEv
                0x03806234       0x10 C:\Program Files (x86)\VEX Robotics\VEXcode Pro V5\sdk/vexv5\libv5rt.a(vex_controller.cpp.obj)
                0x03806234                vex::controller::lcd::getControllerId()
 .text._ZN3vex10controller3lcd5printEPKcz
                0x03806244       0x80 C:\Program Files (x86)\VEX Robotics\VEXcode Pro V5\sdk/vexv5\libv5rt.a(vex_controller.cpp.obj)
                0x03806244                vex::controller::lcd::print(char const*, ...)
 .text._ZN3vex10controller3lcd9clearLineEi
                0x038062c4       0x80 C:\Program Files (x86)\VEX Robotics\VEXcode Pro V5\sdk/vexv5\libv5rt.a(vex_controller.cpp.obj)
                0x038062c4                vex::controller::lcd::clearLine(int)
 .text._ZN3vex10controller3lcd9clearLineEv
                0x03806344        0x8 C:\Program Files (x86)\VEX Robotics\VEXcode Pro V5\sdk/vexv5\libv5rt.a(vex_controller.cpp.obj)
                0x03806344                vex::controller::lcd::clearLine()
 .text._ZN3vex6threadC2EPFivE
                0x0380634c       0x5c C:\Program Files (x86)\VEX Robotics\VEXcode Pro V5\sdk/vexv5\libv5rt.a(vex_thread.cpp.obj)
                0x0380634c                vex::thread::thread(int (*)())
                0x0380634c                vex::thread::thread(int (*)())
 .text._ZN3vex6threadD2Ev
                0x038063a8        0x4 C:\Program Files (x86)\VEX Robotics\VEXcode Pro V5\sdk/vexv5\libv5rt.a(vex_thread.cpp.obj)
                0x038063a8                vex::thread::~thread()
                0x038063a8                vex::thread::~thread()
 .text._ZN3vex6thread9interruptEv
                0x038063ac       0x18 C:\Program Files (x86)\VEX Robotics\VEXcode Pro V5\sdk/vexv5\libv5rt.a(vex_thread.cpp.obj)
                0x038063ac                vex::thread::interrupt()
 .text._ZN3vex11this_thread9sleep_forEm
                0x038063c4        0x4 C:\Program Files (x86)\VEX Robotics\VEXcode Pro V5\sdk/vexv5\libv5rt.a(vex_thread.cpp.obj)
                0x038063c4                vex::this_thread::sleep_for(unsigned long)
 .text._ZN3vex5event4initEmmPFvvE
                0x038063c8        0x4 C:\Program Files (x86)\VEX Robotics\VEXcode Pro V5\sdk/vexv5\libv5rt.a(vex_event.cpp.obj)
                0x038063c8                vex::event::init(unsigned long, unsigned long, void (*)())
 .text._ZN3vex5event4initEmmPFvPvES1_
                0x038063cc        0x4 C:\Program Files (x86)\VEX Robotics\VEXcode Pro V5\sdk/vexv5\libv5rt.a(vex_event.cpp.obj)
                0x038063cc                vex::event::init(unsigned long, unsigned long, void (*)(void*), void*)
 .text._ZN3vex5event9userindexEv
                0x038063d0        0x4 C:\Program Files (x86)\VEX Robotics\VEXcode Pro V5\sdk/vexv5\libv5rt.a(vex_event.cpp.obj)
                0x038063d0                vex::event::userindex()
 .text._ZZN3vex6meventC4EmmENUlvE_4_FUNEv
                0x038063d4        0x4 C:\Program Files (x86)\VEX Robotics\VEXcode Pro V5\sdk/vexv5\libv5rt.a(vex_mevent.cpp.obj)
 .text._ZN3vex6meventC2Emm
                0x038063d8       0x70 C:\Program Files (x86)\VEX Robotics\VEXcode Pro V5\sdk/vexv5\libv5rt.a(vex_mevent.cpp.obj)
                0x038063d8                vex::mevent::mevent(unsigned long, unsigned long)
                0x038063d8                vex::mevent::mevent(unsigned long, unsigned long)
 .text._ZN3vex5brain9_getIndexEv
                0x03806448       0x10 C:\Program Files (x86)\VEX Robotics\VEXcode Pro V5\sdk/vexv5\libv5rt.a(vex_brain.cpp.obj)
                0x03806448                vex::brain::_getIndex()
 .text._ZN3vex5brain3lcd9setCursorEll
                0x03806458       0x44 C:\Program Files (x86)\VEX Robotics\VEXcode Pro V5\sdk/vexv5\libv5rt.a(vex_brain.cpp.obj)
                0x03806458                vex::brain::lcd::setCursor(long, long)
 .text._ZN3vex5brain3lcd7setFontENS_8fontTypeE
                0x0380649c      0x23c C:\Program Files (x86)\VEX Robotics\VEXcode Pro V5\sdk/vexv5\libv5rt.a(vex_brain.cpp.obj)
                0x0380649c                vex::brain::lcd::setFont(vex::fontType)
 .text._ZN3vex5brain3lcdC2Ev
                0x038066d8       0x94 C:\Program Files (x86)\VEX Robotics\VEXcode Pro V5\sdk/vexv5\libv5rt.a(vex_brain.cpp.obj)
                0x038066d8                vex::brain::lcd::lcd()
                0x038066d8                vex::brain::lcd::lcd()
 .text._ZN3vex5brainC2Ev
                0x0380676c       0x38 C:\Program Files (x86)\VEX Robotics\VEXcode Pro V5\sdk/vexv5\libv5rt.a(vex_brain.cpp.obj)
                0x0380676c                vex::brain::brain()
                0x0380676c                vex::brain::brain()
 .text._ZN3vex5brain3lcd7printAtEllbPKcz
                0x038067a4       0x4c C:\Program Files (x86)\VEX Robotics\VEXcode Pro V5\sdk/vexv5\libv5rt.a(vex_brain.cpp.obj)
                0x038067a4                vex::brain::lcd::printAt(long, long, bool, char const*, ...)
 .text._ZN3vex5brain3lcd12_clearScreenEm
                0x038067f0       0x38 C:\Program Files (x86)\VEX Robotics\VEXcode Pro V5\sdk/vexv5\libv5rt.a(vex_brain.cpp.obj)
                0x038067f0                vex::brain::lcd::_clearScreen(unsigned long)
 .text._ZN3vex5brain3lcd11clearScreenERKNS_5colorE
                0x03806828       0x20 C:\Program Files (x86)\VEX Robotics\VEXcode Pro V5\sdk/vexv5\libv5rt.a(vex_brain.cpp.obj)
                0x03806828                vex::brain::lcd::clearScreen(vex::color const&)
 .text._ZN3vex5brain3lcd11clearScreenEv
                0x03806848       0x2c C:\Program Files (x86)\VEX Robotics\VEXcode Pro V5\sdk/vexv5\libv5rt.a(vex_brain.cpp.obj)
                0x03806848                vex::brain::lcd::clearScreen()
 .text._ZN3vex5brain3lcd13drawRectangleEiiii
                0x03806874       0xdc C:\Program Files (x86)\VEX Robotics\VEXcode Pro V5\sdk/vexv5\libv5rt.a(vex_brain.cpp.obj)
                0x03806874                vex::brain::lcd::drawRectangle(int, int, int, int)
 .text._ZN3vex5brain3lcd14_drawRectangleEiiiim
                0x03806950       0x74 C:\Program Files (x86)\VEX Robotics\VEXcode Pro V5\sdk/vexv5\libv5rt.a(vex_brain.cpp.obj)
                0x03806950                vex::brain::lcd::_drawRectangle(int, int, int, int, unsigned long)
 .text._ZN3vex5brain3lcd13drawRectangleEiiiiRKNS_5colorE
                0x038069c4       0x68 C:\Program Files (x86)\VEX Robotics\VEXcode Pro V5\sdk/vexv5\libv5rt.a(vex_brain.cpp.obj)
                0x038069c4                vex::brain::lcd::drawRectangle(int, int, int, int, vex::color const&)
 .text._ZN3vex5brain3lcd9xPositionEv
                0x03806a2c       0x24 C:\Program Files (x86)\VEX Robotics\VEXcode Pro V5\sdk/vexv5\libv5rt.a(vex_brain.cpp.obj)
                0x03806a2c                vex::brain::lcd::xPosition()
 .text._ZN3vex5brain3lcd9yPositionEv
                0x03806a50       0x24 C:\Program Files (x86)\VEX Robotics\VEXcode Pro V5\sdk/vexv5\libv5rt.a(vex_brain.cpp.obj)
                0x03806a50                vex::brain::lcd::yPosition()
 .text._ZN3vex5brain3lcd8pressingEv
                0x03806a74       0x20 C:\Program Files (x86)\VEX Robotics\VEXcode Pro V5\sdk/vexv5\libv5rt.a(vex_brain.cpp.obj)
                0x03806a74                vex::brain::lcd::pressing()
 .text._ZN3vex5brain3lcd20_validateImageBufferEPh
                0x03806a94       0x58 C:\Program Files (x86)\VEX Robotics\VEXcode Pro V5\sdk/vexv5\libv5rt.a(vex_brain.cpp.obj)
                0x03806a94                vex::brain::lcd::_validateImageBuffer(unsigned char*)
 .text._ZN3vex5brain3lcd17drawImageFromFileEPKcii
                0x03806aec      0x264 C:\Program Files (x86)\VEX Robotics\VEXcode Pro V5\sdk/vexv5\libv5rt.a(vex_brain.cpp.obj)
                0x03806aec                vex::brain::lcd::drawImageFromFile(char const*, int, int)
 .text._ZN3vex5brainD2Ev
                0x03806d50       0x20 C:\Program Files (x86)\VEX Robotics\VEXcode Pro V5\sdk/vexv5\libv5rt.a(vex_brain.cpp.obj)
                0x03806d50                vex::brain::~brain()
                0x03806d50                vex::brain::~brain()
 .text._ZN3vex11competition11_autonomousEv
                0x03806d70       0x90 C:\Program Files (x86)\VEX Robotics\VEXcode Pro V5\sdk/vexv5\libv5rt.a(vex_competition.cpp.obj)
                0x03806d70                vex::competition::_autonomous()
 .text._ZN3vex11competition14_drivercontrolEv
                0x03806e00       0x90 C:\Program Files (x86)\VEX Robotics\VEXcode Pro V5\sdk/vexv5\libv5rt.a(vex_competition.cpp.obj)
                0x03806e00                vex::competition::_drivercontrol()
 .text._ZN3vex11competition8_disableEPv
                0x03806e90       0xc8 C:\Program Files (x86)\VEX Robotics\VEXcode Pro V5\sdk/vexv5\libv5rt.a(vex_competition.cpp.obj)
                0x03806e90                vex::competition::_disable(void*)
 .text._ZN3vex11competitionC2Ev
                0x03806f58      0x13c C:\Program Files (x86)\VEX Robotics\VEXcode Pro V5\sdk/vexv5\libv5rt.a(vex_competition.cpp.obj)
                0x03806f58                vex::competition::competition()
                0x03806f58                vex::competition::competition()
 .text._ZN3vex11competitionD2Ev
                0x03807094        0x4 C:\Program Files (x86)\VEX Robotics\VEXcode Pro V5\sdk/vexv5\libv5rt.a(vex_competition.cpp.obj)
                0x03807094                vex::competition::~competition()
                0x03807094                vex::competition::~competition()
 .text._ZN3vex11competition10autonomousEPFvvE
                0x03807098       0x44 C:\Program Files (x86)\VEX Robotics\VEXcode Pro V5\sdk/vexv5\libv5rt.a(vex_competition.cpp.obj)
                0x03807098                vex::competition::autonomous(void (*)())
 .text._ZN3vex11competition13drivercontrolEPFvvE
                0x038070dc       0x44 C:\Program Files (x86)\VEX Robotics\VEXcode Pro V5\sdk/vexv5\libv5rt.a(vex_competition.cpp.obj)
                0x038070dc                vex::competition::drivercontrol(void (*)())
 .text._ZN3vex11competition9isEnabledEv
                0x03807120       0x14 C:\Program Files (x86)\VEX Robotics\VEXcode Pro V5\sdk/vexv5\libv5rt.a(vex_competition.cpp.obj)
                0x03807120                vex::competition::isEnabled()
 .text._ZN3vex11competition15isDriverControlEv
                0x03807134       0x14 C:\Program Files (x86)\VEX Robotics\VEXcode Pro V5\sdk/vexv5\libv5rt.a(vex_competition.cpp.obj)
                0x03807134                vex::competition::isDriverControl()
 .text._ZN3vex11competition12isAutonomousEv
                0x03807148       0x14 C:\Program Files (x86)\VEX Robotics\VEXcode Pro V5\sdk/vexv5\libv5rt.a(vex_competition.cpp.obj)
                0x03807148                vex::competition::isAutonomous()
 .text._ZN3vex7triportD2Ev
                0x0380715c       0x38 C:\Program Files (x86)\VEX Robotics\VEXcode Pro V5\sdk/vexv5\libv5rt.a(vex_triport.cpp.obj)
                0x0380715c                vex::triport::~triport()
                0x0380715c                vex::triport::~triport()
 .text._ZN3vex7triportD0Ev
                0x03807194       0x1c C:\Program Files (x86)\VEX Robotics\VEXcode Pro V5\sdk/vexv5\libv5rt.a(vex_triport.cpp.obj)
                0x03807194                vex::triport::~triport()
 .text._ZN3vex7triport9installedEv
                0x038071b0       0x18 C:\Program Files (x86)\VEX Robotics\VEXcode Pro V5\sdk/vexv5\libv5rt.a(vex_triport.cpp.obj)
                0x038071b0                vex::triport::installed()
 .text._ZN3vex7triport4portC2ElPS0_
                0x038071c8       0x74 C:\Program Files (x86)\VEX Robotics\VEXcode Pro V5\sdk/vexv5\libv5rt.a(vex_triport.cpp.obj)
                0x038071c8                vex::triport::port::port(long, vex::triport*)
                0x038071c8                vex::triport::port::port(long, vex::triport*)
 .text._ZN3vex7triportC2El
                0x0380723c       0xf0 C:\Program Files (x86)\VEX Robotics\VEXcode Pro V5\sdk/vexv5\libv5rt.a(vex_triport.cpp.obj)
                0x0380723c                vex::triport::triport(long)
                0x0380723c                vex::triport::triport(long)
 .text._ZN3vex7triport4port4typeENS_11triportTypeE
                0x0380732c       0x30 C:\Program Files (x86)\VEX Robotics\VEXcode Pro V5\sdk/vexv5\libv5rt.a(vex_triport.cpp.obj)
                0x0380732c                vex::triport::port::type(vex::triportType)
 .text._ZN3vex7triport4port4typeEv
                0x0380735c       0x38 C:\Program Files (x86)\VEX Robotics\VEXcode Pro V5\sdk/vexv5\libv5rt.a(vex_triport.cpp.obj)
                0x0380735c                vex::triport::port::type()
 .text._ZN3vex7triport4port5valueEv
                0x03807394       0x14 C:\Program Files (x86)\VEX Robotics\VEXcode Pro V5\sdk/vexv5\libv5rt.a(vex_triport.cpp.obj)
                0x03807394                vex::triport::port::value()
 .text._ZN3vex7triport4port5valueEl
                0x038073a8       0x18 C:\Program Files (x86)\VEX Robotics\VEXcode Pro V5\sdk/vexv5\libv5rt.a(vex_triport.cpp.obj)
                0x038073a8                vex::triport::port::value(long)
 .text._ZN3vex7triport4port11setRotationEdNS_13rotationUnitsE
                0x038073c0       0x50 C:\Program Files (x86)\VEX Robotics\VEXcode Pro V5\sdk/vexv5\libv5rt.a(vex_triport.cpp.obj)
                0x038073c0                vex::triport::port::setRotation(double, vex::rotationUnits)
 .text._ZN3vex7triport4port13resetRotationEv
                0x03807410       0x20 C:\Program Files (x86)\VEX Robotics\VEXcode Pro V5\sdk/vexv5\libv5rt.a(vex_triport.cpp.obj)
                0x03807410                vex::triport::port::resetRotation()
 .text._ZN3vex7triport4port8rotationENS_13rotationUnitsE
                0x03807430       0x40 C:\Program Files (x86)\VEX Robotics\VEXcode Pro V5\sdk/vexv5\libv5rt.a(vex_triport.cpp.obj)
                0x03807430                vex::triport::port::rotation(vex::rotationUnits)
 .text._ZN3vex7triport4port14_convertAnalogENS_11analogUnitsE
                0x03807470       0x58 C:\Program Files (x86)\VEX Robotics\VEXcode Pro V5\sdk/vexv5\libv5rt.a(vex_triport.cpp.obj)
                0x03807470                vex::triport::port::_convertAnalog(vex::analogUnits)
 .text._ZN3vex11__trideviceC2ERNS_7triport4portENS_11triportTypeE
                0x038074c8       0x5c C:\Program Files (x86)\VEX Robotics\VEXcode Pro V5\sdk/vexv5\libv5rt.a(vex_triport.cpp.obj)
                0x038074c8                vex::__tridevice::__tridevice(vex::triport::port&, vex::triportType)
                0x038074c8                vex::__tridevice::__tridevice(vex::triport::port&, vex::triportType)
 .text._ZN3vex11__tridevice14_convertAnalogENS_11analogUnitsE
                0x03807524        0x8 C:\Program Files (x86)\VEX Robotics\VEXcode Pro V5\sdk/vexv5\libv5rt.a(vex_triport.cpp.obj)
                0x03807524                vex::__tridevice::_convertAnalog(vex::analogUnits)
 .text._ZN3vex5limitC2ERNS_7triport4portE
                0x0380752c       0x28 C:\Program Files (x86)\VEX Robotics\VEXcode Pro V5\sdk/vexv5\libv5rt.a(vex_triport.cpp.obj)
                0x0380752c                vex::limit::limit(vex::triport::port&)
                0x0380752c                vex::limit::limit(vex::triport::port&)
 .text._ZN3vex5limitD2Ev
                0x03807554        0x4 C:\Program Files (x86)\VEX Robotics\VEXcode Pro V5\sdk/vexv5\libv5rt.a(vex_triport.cpp.obj)
                0x03807554                vex::limit::~limit()
                0x03807554                vex::limit::~limit()
 .text._ZN3vex5limit5valueEv
                0x03807558        0x8 C:\Program Files (x86)\VEX Robotics\VEXcode Pro V5\sdk/vexv5\libv5rt.a(vex_triport.cpp.obj)
                0x03807558                vex::limit::value()
 .text._ZN3vex11digital_outC2ERNS_7triport4portE
                0x03807560       0x18 C:\Program Files (x86)\VEX Robotics\VEXcode Pro V5\sdk/vexv5\libv5rt.a(vex_triport.cpp.obj)
                0x03807560                vex::digital_out::digital_out(vex::triport::port&)
                0x03807560                vex::digital_out::digital_out(vex::triport::port&)
 .text._ZN3vex11digital_outD2Ev
                0x03807578        0x4 C:\Program Files (x86)\VEX Robotics\VEXcode Pro V5\sdk/vexv5\libv5rt.a(vex_triport.cpp.obj)
                0x03807578                vex::digital_out::~digital_out()
                0x03807578                vex::digital_out::~digital_out()
 .text._ZN3vex11digital_out5valueEv
                0x0380757c        0x8 C:\Program Files (x86)\VEX Robotics\VEXcode Pro V5\sdk/vexv5\libv5rt.a(vex_triport.cpp.obj)
                0x0380757c                vex::digital_out::value()
 .text._ZN3vex11digital_out3setEb
                0x03807584        0x8 C:\Program Files (x86)\VEX Robotics\VEXcode Pro V5\sdk/vexv5\libv5rt.a(vex_triport.cpp.obj)
                0x03807584                vex::digital_out::set(bool)
 .text._ZN3vex3potC2ERNS_7triport4portE
                0x0380758c       0x20 C:\Program Files (x86)\VEX Robotics\VEXcode Pro V5\sdk/vexv5\libv5rt.a(vex_triport.cpp.obj)
                0x0380758c                vex::pot::pot(vex::triport::port&)
                0x0380758c                vex::pot::pot(vex::triport::port&)
 .text._ZN3vex3potD2Ev
                0x038075ac        0x4 C:\Program Files (x86)\VEX Robotics\VEXcode Pro V5\sdk/vexv5\libv5rt.a(vex_triport.cpp.obj)
                0x038075ac                vex::pot::~pot()
                0x038075ac                vex::pot::~pot()
 .text._ZN3vex3pot5valueENS_11analogUnitsE
                0x038075b0        0x4 C:\Program Files (x86)\VEX Robotics\VEXcode Pro V5\sdk/vexv5\libv5rt.a(vex_triport.cpp.obj)
                0x038075b0                vex::pot::value(vex::analogUnits)
 .text._ZN3vex4lineC2ERNS_7triport4portE
                0x038075b4       0x20 C:\Program Files (x86)\VEX Robotics\VEXcode Pro V5\sdk/vexv5\libv5rt.a(vex_triport.cpp.obj)
                0x038075b4                vex::line::line(vex::triport::port&)
                0x038075b4                vex::line::line(vex::triport::port&)
 .text._ZN3vex4lineD2Ev
                0x038075d4        0x4 C:\Program Files (x86)\VEX Robotics\VEXcode Pro V5\sdk/vexv5\libv5rt.a(vex_triport.cpp.obj)
                0x038075d4                vex::line::~line()
                0x038075d4                vex::line::~line()
 .text._ZN3vex4line5valueENS_11analogUnitsE
                0x038075d8        0x4 C:\Program Files (x86)\VEX Robotics\VEXcode Pro V5\sdk/vexv5\libv5rt.a(vex_triport.cpp.obj)
                0x038075d8                vex::line::value(vex::analogUnits)
 .text._ZN3vex7encoderC2ERNS_7triport4portE
                0x038075dc       0x20 C:\Program Files (x86)\VEX Robotics\VEXcode Pro V5\sdk/vexv5\libv5rt.a(vex_triport.cpp.obj)
                0x038075dc                vex::encoder::encoder(vex::triport::port&)
                0x038075dc                vex::encoder::encoder(vex::triport::port&)
 .text._ZN3vex7encoderD2Ev
                0x038075fc        0x4 C:\Program Files (x86)\VEX Robotics\VEXcode Pro V5\sdk/vexv5\libv5rt.a(vex_triport.cpp.obj)
                0x038075fc                vex::encoder::~encoder()
                0x038075fc                vex::encoder::~encoder()
 .text._ZN3vex7encoder13resetRotationEv
                0x03807600        0x8 C:\Program Files (x86)\VEX Robotics\VEXcode Pro V5\sdk/vexv5\libv5rt.a(vex_triport.cpp.obj)
                0x03807600                vex::encoder::resetRotation()
 .text._ZN3vex7encoder8rotationENS_13rotationUnitsE
                0x03807608        0x8 C:\Program Files (x86)\VEX Robotics\VEXcode Pro V5\sdk/vexv5\libv5rt.a(vex_triport.cpp.obj)
                0x03807608                vex::encoder::rotation(vex::rotationUnits)
 .text._ZN3vex5sonarC2ERNS_7triport4portE
                0x03807610       0x30 C:\Program Files (x86)\VEX Robotics\VEXcode Pro V5\sdk/vexv5\libv5rt.a(vex_triport.cpp.obj)
                0x03807610                vex::sonar::sonar(vex::triport::port&)
                0x03807610                vex::sonar::sonar(vex::triport::port&)
 .text._ZN3vex5sonarD2Ev
                0x03807640        0x4 C:\Program Files (x86)\VEX Robotics\VEXcode Pro V5\sdk/vexv5\libv5rt.a(vex_triport.cpp.obj)
                0x03807640                vex::sonar::~sonar()
                0x03807640                vex::sonar::~sonar()
 .text.startup._GLOBAL__sub_I__ZN3vex7triportC2El
                0x03807644       0x30 C:\Program Files (x86)\VEX Robotics\VEXcode Pro V5\sdk/vexv5\libv5rt.a(vex_triport.cpp.obj)
 .text._ZN3vex5colorD2Ev
                0x03807674        0x4 C:\Program Files (x86)\VEX Robotics\VEXcode Pro V5\sdk/vexv5\libv5rt.a(vex_color.cpp.obj)
                0x03807674                vex::color::~color()
                0x03807674                vex::color::~color()
 .text._ZNK3vex5colorcvmEv
                0x03807678        0x8 C:\Program Files (x86)\VEX Robotics\VEXcode Pro V5\sdk/vexv5\libv5rt.a(vex_color.cpp.obj)
                0x03807678                vex::color::operator unsigned long() const
 .text._ZNK3vex5color13isTransparentEv
                0x03807680        0x8 C:\Program Files (x86)\VEX Robotics\VEXcode Pro V5\sdk/vexv5\libv5rt.a(vex_color.cpp.obj)
                0x03807680                vex::color::isTransparent() const
 .text.startup._GLOBAL__sub_I__ZN3vex5color5blackE
                0x03807688      0x164 C:\Program Files (x86)\VEX Robotics\VEXcode Pro V5\sdk/vexv5\libv5rt.a(vex_color.cpp.obj)
 .text._ZN3vex5timerD2Ev
                0x038077ec        0x4 C:\Program Files (x86)\VEX Robotics\VEXcode Pro V5\sdk/vexv5\libv5rt.a(vex_timer.cpp.obj)
                0x038077ec                vex::timer::~timer()
                0x038077ec                vex::timer::~timer()
 .text._ZN3vex5timer5clearEv
                0x038077f0       0x1c C:\Program Files (x86)\VEX Robotics\VEXcode Pro V5\sdk/vexv5\libv5rt.a(vex_timer.cpp.obj)
                0x038077f0                vex::timer::clear()
 .text._ZN3vex5timerC2Ev
                0x0380780c       0x14 C:\Program Files (x86)\VEX Robotics\VEXcode Pro V5\sdk/vexv5\libv5rt.a(vex_timer.cpp.obj)
                0x0380780c                vex::timer::timer()
                0x0380780c                vex::timer::timer()
 .text.vexAdiPortConfigSet
                0x03807820       0x28 C:\Program Files (x86)\VEX Robotics\VEXcode Pro V5\sdk/vexv5\libv5rt.a(v5_apiuser.c.obj)
                0x03807820                vexAdiPortConfigSet
 .text.vexAdiPortConfigGet
                0x03807848       0x28 C:\Program Files (x86)\VEX Robotics\VEXcode Pro V5\sdk/vexv5\libv5rt.a(v5_apiuser.c.obj)
                0x03807848                vexAdiPortConfigGet
 .text.vexAdiValueSet
                0x03807870       0x28 C:\Program Files (x86)\VEX Robotics\VEXcode Pro V5\sdk/vexv5\libv5rt.a(v5_apiuser.c.obj)
                0x03807870                vexAdiValueSet
 .text.vexAdiValueGet
                0x03807898       0x20 C:\Program Files (x86)\VEX Robotics\VEXcode Pro V5\sdk/vexv5\libv5rt.a(v5_apiuser.c.obj)
                0x03807898                vexAdiValueGet
 .text.vexMotorVelocitySet
                0x038078b8       0x20 C:\Program Files (x86)\VEX Robotics\VEXcode Pro V5\sdk/vexv5\libv5rt.a(v5_apiuser.c.obj)
                0x038078b8                vexMotorVelocitySet
 .text.vexMotorVoltageSet
                0x038078d8       0x20 C:\Program Files (x86)\VEX Robotics\VEXcode Pro V5\sdk/vexv5\libv5rt.a(v5_apiuser.c.obj)
                0x038078d8                vexMotorVoltageSet
 .text.vexMotorActualVelocityGet
                0x038078f8       0x24 C:\Program Files (x86)\VEX Robotics\VEXcode Pro V5\sdk/vexv5\libv5rt.a(v5_apiuser.c.obj)
                0x038078f8                vexMotorActualVelocityGet
 .text.vexMotorZeroPositionFlagGet
                0x0380791c       0x18 C:\Program Files (x86)\VEX Robotics\VEXcode Pro V5\sdk/vexv5\libv5rt.a(v5_apiuser.c.obj)
                0x0380791c                vexMotorZeroPositionFlagGet
 .text.vexMotorReverseFlagSet
                0x03807934       0x20 C:\Program Files (x86)\VEX Robotics\VEXcode Pro V5\sdk/vexv5\libv5rt.a(v5_apiuser.c.obj)
                0x03807934                vexMotorReverseFlagSet
 .text.vexMotorEncoderUnitsSet
                0x03807954       0x20 C:\Program Files (x86)\VEX Robotics\VEXcode Pro V5\sdk/vexv5\libv5rt.a(v5_apiuser.c.obj)
                0x03807954                vexMotorEncoderUnitsSet
 .text.vexMotorBrakeModeSet
                0x03807974       0x20 C:\Program Files (x86)\VEX Robotics\VEXcode Pro V5\sdk/vexv5\libv5rt.a(v5_apiuser.c.obj)
                0x03807974                vexMotorBrakeModeSet
 .text.vexMotorPositionSet
                0x03807994       0x28 C:\Program Files (x86)\VEX Robotics\VEXcode Pro V5\sdk/vexv5\libv5rt.a(v5_apiuser.c.obj)
                0x03807994                vexMotorPositionSet
 .text.vexMotorGearingSet
                0x038079bc       0x20 C:\Program Files (x86)\VEX Robotics\VEXcode Pro V5\sdk/vexv5\libv5rt.a(v5_apiuser.c.obj)
                0x038079bc                vexMotorGearingSet
 .text.vexMotorGearingGet
                0x038079dc       0x18 C:\Program Files (x86)\VEX Robotics\VEXcode Pro V5\sdk/vexv5\libv5rt.a(v5_apiuser.c.obj)
                0x038079dc                vexMotorGearingGet
 .text.vexVisionModeSet
                0x038079f4       0x20 C:\Program Files (x86)\VEX Robotics\VEXcode Pro V5\sdk/vexv5\libv5rt.a(v5_apiuser.c.obj)
                0x038079f4                vexVisionModeSet
 .text.vexVisionObjectCountGet
                0x03807a14       0x18 C:\Program Files (x86)\VEX Robotics\VEXcode Pro V5\sdk/vexv5\libv5rt.a(v5_apiuser.c.obj)
                0x03807a14                vexVisionObjectCountGet
 .text.vexVisionObjectGet
                0x03807a2c       0x28 C:\Program Files (x86)\VEX Robotics\VEXcode Pro V5\sdk/vexv5\libv5rt.a(v5_apiuser.c.obj)
                0x03807a2c                vexVisionObjectGet
 .text.vexVisionSignatureSet
                0x03807a54       0x20 C:\Program Files (x86)\VEX Robotics\VEXcode Pro V5\sdk/vexv5\libv5rt.a(v5_apiuser.c.obj)
                0x03807a54                vexVisionSignatureSet
 .text.vexVisionBrightnessSet
                0x03807a74       0x20 C:\Program Files (x86)\VEX Robotics\VEXcode Pro V5\sdk/vexv5\libv5rt.a(v5_apiuser.c.obj)
                0x03807a74                vexVisionBrightnessSet
 .text.vexVisionLedModeSet
                0x03807a94       0x20 C:\Program Files (x86)\VEX Robotics\VEXcode Pro V5\sdk/vexv5\libv5rt.a(v5_apiuser.c.obj)
                0x03807a94                vexVisionLedModeSet
 .text.vexVisionLedColorSet
                0x03807ab4       0x2c C:\Program Files (x86)\VEX Robotics\VEXcode Pro V5\sdk/vexv5\libv5rt.a(v5_apiuser.c.obj)
                0x03807ab4                vexVisionLedColorSet
 .text.vexImuReset
                0x03807ae0       0x10 C:\Program Files (x86)\VEX Robotics\VEXcode Pro V5\sdk/vexv5\libv5rt.a(v5_apiuser.c.obj)
                0x03807ae0                vexImuReset
 .text.vexImuHeadingGet
                0x03807af0       0x10 C:\Program Files (x86)\VEX Robotics\VEXcode Pro V5\sdk/vexv5\libv5rt.a(v5_apiuser.c.obj)
                0x03807af0                vexImuHeadingGet
 .text.vexImuDegreesGet
                0x03807b00       0x10 C:\Program Files (x86)\VEX Robotics\VEXcode Pro V5\sdk/vexv5\libv5rt.a(v5_apiuser.c.obj)
                0x03807b00                vexImuDegreesGet
 .text.vexImuAttitudeGet
                0x03807b10       0x18 C:\Program Files (x86)\VEX Robotics\VEXcode Pro V5\sdk/vexv5\libv5rt.a(v5_apiuser.c.obj)
                0x03807b10                vexImuAttitudeGet
 .text.vexImuStatusGet
                0x03807b28       0x10 C:\Program Files (x86)\VEX Robotics\VEXcode Pro V5\sdk/vexv5\libv5rt.a(v5_apiuser.c.obj)
                0x03807b28                vexImuStatusGet
 .text.vexEventMaskSet
                0x03807b38       0x28 C:\Program Files (x86)\VEX Robotics\VEXcode Pro V5\sdk/vexv5\libv5rt.a(v5_apiuser.c.obj)
                0x03807b38                vexEventMaskSet
 .text.vexEventMaskGet
                0x03807b60       0x18 C:\Program Files (x86)\VEX Robotics\VEXcode Pro V5\sdk/vexv5\libv5rt.a(v5_apiuser.c.obj)
                0x03807b60                vexEventMaskGet
 .text._ZN3vex6deviceD2Ev
                0x03807b78        0x4 C:\Program Files (x86)\VEX Robotics\VEXcode Pro V5\sdk/vexv5\libv5rt.a(vex_device.cpp.obj)
                0x03807b78                vex::device::~device()
                0x03807b78                vex::device::~device()
 .text._ZN3vex6device5valueEv
                0x03807b7c        0x8 C:\Program Files (x86)\VEX Robotics\VEXcode Pro V5\sdk/vexv5\libv5rt.a(vex_device.cpp.obj)
                0x03807b7c                vex::device::value()
 .text._ZN3vex6deviceD0Ev
                0x03807b84       0x14 C:\Program Files (x86)\VEX Robotics\VEXcode Pro V5\sdk/vexv5\libv5rt.a(vex_device.cpp.obj)
                0x03807b84                vex::device::~device()
 .text._ZN3vex6device4initEl
                0x03807b98       0x30 C:\Program Files (x86)\VEX Robotics\VEXcode Pro V5\sdk/vexv5\libv5rt.a(vex_device.cpp.obj)
                0x03807b98                vex::device::init(long)
 .text._ZN3vex6deviceC2El
                0x03807bc8       0x20 C:\Program Files (x86)\VEX Robotics\VEXcode Pro V5\sdk/vexv5\libv5rt.a(vex_device.cpp.obj)
                0x03807bc8                vex::device::device(long)
                0x03807bc8                vex::device::device(long)
 .text._ZN3vex6device4typeEv
                0x03807be8       0x10 C:\Program Files (x86)\VEX Robotics\VEXcode Pro V5\sdk/vexv5\libv5rt.a(vex_device.cpp.obj)
                0x03807be8                vex::device::type()
 .text._ZN3vex6device9installedEv
                0x03807bf8       0x14 C:\Program Files (x86)\VEX Robotics\VEXcode Pro V5\sdk/vexv5\libv5rt.a(vex_device.cpp.obj)
                0x03807bf8                vex::device::installed()
 .text._ZN3vex4taskC2EPFivE
                0x03807c0c       0x5c C:\Program Files (x86)\VEX Robotics\VEXcode Pro V5\sdk/vexv5\libv5rt.a(vex_task.cpp.obj)
                0x03807c0c                vex::task::task(int (*)())
                0x03807c0c                vex::task::task(int (*)())
 .text._ZN3vex4taskD2Ev
                0x03807c68        0x4 C:\Program Files (x86)\VEX Robotics\VEXcode Pro V5\sdk/vexv5\libv5rt.a(vex_task.cpp.obj)
                0x03807c68                vex::task::~task()
                0x03807c68                vex::task::~task()
 .text._ZN3vex4task4stopERKS0_
                0x03807c6c       0x18 C:\Program Files (x86)\VEX Robotics\VEXcode Pro V5\sdk/vexv5\libv5rt.a(vex_task.cpp.obj)
                0x03807c6c                vex::task::stop(vex::task const&)
 .text._ZN3vex4task6_indexEPFivE
                0x03807c84       0x14 C:\Program Files (x86)\VEX Robotics\VEXcode Pro V5\sdk/vexv5\libv5rt.a(vex_task.cpp.obj)
                0x03807c84                vex::task::_index(int (*)())
 .text._ZN3vex4task8_stopAllEv
                0x03807c98       0x3c C:\Program Files (x86)\VEX Robotics\VEXcode Pro V5\sdk/vexv5\libv5rt.a(vex_task.cpp.obj)
                0x03807c98                vex::task::_stopAll()
 .text.__libc_fini_array
                0x03807cd4       0x30 C:\Program Files (x86)\VEX Robotics\VEXcode Pro V5\sdk/vexv5/gcc/libs\libc.a(lib_a-fini.o)
                0x03807cd4                __libc_fini_array
 .text.__libc_init_array
                0x03807d04       0x58 C:\Program Files (x86)\VEX Robotics\VEXcode Pro V5\sdk/vexv5/gcc/libs\libc.a(lib_a-init.o)
                0x03807d04                __libc_init_array
 .text.tolower  0x03807d5c       0x1c C:\Program Files (x86)\VEX Robotics\VEXcode Pro V5\sdk/vexv5/gcc/libs\libc.a(lib_a-tolower.o)
                0x03807d5c                tolower
 .text.tolower.__stub
                0x03807d78       0x18 linker stubs
 *(.gnu.linkonce.t.*)
 *(.plt)
 *(.gnu_warning)
 *(.gcc_except_table)
 *(.glue_7)
 .glue_7        0x00000000        0x0 linker stubs
 *(.glue_7t)
 .glue_7t       0x00000000        0x0 linker stubs
 *(.vfp11_veneer)
 .vfp11_veneer  0x00000000        0x0 linker stubs
 *(.ARM.extab)
 *(.gnu.linkonce.armextab.*)

.v4_bx          0x03807d90        0x0
 .v4_bx         0x00000000        0x0 linker stubs

.iplt           0x03807d90        0x0
 .iplt          0x00000000        0x0 build/src/motion_profile.o

.init
 *(.init)

.fini
 *(.fini)

.rodata         0x03807d90      0x3d1
                0x03807d90                __rodata_start = .
 *(.rodata)
 *(.rodata.*)
 .rodata.str1.1
                0x03807d90       0x19 build/src/motion_profile.o
 .rodata.str1.1
                0x03807da9       0x66 build/src/main.o
 .rodata.str1.1
                0x03807e0f       0x2d build/src/odometry.o
                                 0x3a (size before relaxing)
 .rodata.str1.1
                0x03807e3c       0x12 build/src/preauton.o
 .rodata.str1.1
                0x03807e4e       0x2e C:\Program Files (x86)\VEX Robotics\VEXcode Pro V5\sdk/vexv5\libv5rt.a(v5_startup.c.obj)
 .rodata._ZN3vex6PORT20E
                0x03807e7c        0x4 C:\Program Files (x86)\VEX Robotics\VEXcode Pro V5\sdk/vexv5\libv5rt.a(vex_global.cpp.obj)
                0x03807e7c                vex::PORT20
 .rodata._ZN3vex6purpleE
                0x03807e80        0x4 C:\Program Files (x86)\VEX Robotics\VEXcode Pro V5\sdk/vexv5\libv5rt.a(vex_global.cpp.obj)
                0x03807e80                vex::purple
 .rodata._ZN3vex3fwdE
                0x03807e84        0x4 C:\Program Files (x86)\VEX Robotics\VEXcode Pro V5\sdk/vexv5\libv5rt.a(vex_global.cpp.obj)
                0x03807e84                vex::fwd
 .rodata._ZN3vex4voltE
                0x03807e88        0x4 C:\Program Files (x86)\VEX Robotics\VEXcode Pro V5\sdk/vexv5\libv5rt.a(vex_global.cpp.obj)
                0x03807e88                vex::volt
 .rodata._ZN3vex6PORT10E
                0x03807e8c        0x4 C:\Program Files (x86)\VEX Robotics\VEXcode Pro V5\sdk/vexv5\libv5rt.a(vex_global.cpp.obj)
                0x03807e8c                vex::PORT10
 .rodata._ZN3vex10range12bitE
                0x03807e90        0x4 C:\Program Files (x86)\VEX Robotics\VEXcode Pro V5\sdk/vexv5\libv5rt.a(vex_global.cpp.obj)
                0x03807e90                vex::range12bit
 .rodata._ZN3vex5whiteE
                0x03807e94        0x4 C:\Program Files (x86)\VEX Robotics\VEXcode Pro V5\sdk/vexv5\libv5rt.a(vex_global.cpp.obj)
                0x03807e94                vex::white
 .rodata._ZN3vex3pctE
                0x03807e98        0x4 C:\Program Files (x86)\VEX Robotics\VEXcode Pro V5\sdk/vexv5\libv5rt.a(vex_global.cpp.obj)
                0x03807e98                vex::pct
 .rodata._ZN3vex5blackE
                0x03807e9c        0x4 C:\Program Files (x86)\VEX Robotics\VEXcode Pro V5\sdk/vexv5\libv5rt.a(vex_global.cpp.obj)
                0x03807e9c                vex::black
 .rodata._ZN3vex4msecE
                0x03807ea0        0x4 C:\Program Files (x86)\VEX Robotics\VEXcode Pro V5\sdk/vexv5\libv5rt.a(vex_global.cpp.obj)
                0x03807ea0                vex::msec
 .rodata._ZN3vex6PORT18E
                0x03807ea4        0x4 C:\Program Files (x86)\VEX Robotics\VEXcode Pro V5\sdk/vexv5\libv5rt.a(vex_global.cpp.obj)
                0x03807ea4                vex::PORT18
 .rodata._ZN3vex5PORT9E
                0x03807ea8        0x4 C:\Program Files (x86)\VEX Robotics\VEXcode Pro V5\sdk/vexv5\libv5rt.a(vex_global.cpp.obj)
                0x03807ea8                vex::PORT9
 .rodata._ZN3vex3rpmE
                0x03807eac        0x4 C:\Program Files (x86)\VEX Robotics\VEXcode Pro V5\sdk/vexv5\libv5rt.a(vex_global.cpp.obj)
                0x03807eac                vex::rpm
 .rodata._ZN3vex5PORT6E
                0x03807eb0        0x4 C:\Program Files (x86)\VEX Robotics\VEXcode Pro V5\sdk/vexv5\libv5rt.a(vex_global.cpp.obj)
                0x03807eb0                vex::PORT6
 .rodata._ZN3vex7primaryE
                0x03807eb4        0x4 C:\Program Files (x86)\VEX Robotics\VEXcode Pro V5\sdk/vexv5\libv5rt.a(vex_global.cpp.obj)
                0x03807eb4                vex::primary
 .rodata._ZN3vex3degE
                0x03807eb8        0x4 C:\Program Files (x86)\VEX Robotics\VEXcode Pro V5\sdk/vexv5\libv5rt.a(vex_global.cpp.obj)
                0x03807eb8                vex::deg
 .rodata._ZN3vex6PORT15E
                0x03807ebc        0x4 C:\Program Files (x86)\VEX Robotics\VEXcode Pro V5\sdk/vexv5\libv5rt.a(vex_global.cpp.obj)
                0x03807ebc                vex::PORT15
 .rodata._ZN3vex6PORT19E
                0x03807ec0        0x4 C:\Program Files (x86)\VEX Robotics\VEXcode Pro V5\sdk/vexv5\libv5rt.a(vex_global.cpp.obj)
                0x03807ec0                vex::PORT19
 .rodata._ZN3vex6PORT22E
                0x03807ec4        0x4 C:\Program Files (x86)\VEX Robotics\VEXcode Pro V5\sdk/vexv5\libv5rt.a(vex_global.cpp.obj)
                0x03807ec4                vex::PORT22
 .rodata._ZN3vex6PORT12E
                0x03807ec8        0x4 C:\Program Files (x86)\VEX Robotics\VEXcode Pro V5\sdk/vexv5\libv5rt.a(vex_global.cpp.obj)
                0x03807ec8                vex::PORT12
 .rodata._ZN3vex5PORT7E
                0x03807ecc        0x4 C:\Program Files (x86)\VEX Robotics\VEXcode Pro V5\sdk/vexv5\libv5rt.a(vex_global.cpp.obj)
                0x03807ecc                vex::PORT7
 .rodata._ZN3vex6PORT16E
                0x03807ed0        0x4 C:\Program Files (x86)\VEX Robotics\VEXcode Pro V5\sdk/vexv5\libv5rt.a(vex_global.cpp.obj)
                0x03807ed0                vex::PORT16
 .rodata._ZN3vex5brakeE
                0x03807ed4        0x4 C:\Program Files (x86)\VEX Robotics\VEXcode Pro V5\sdk/vexv5\libv5rt.a(vex_global.cpp.obj)
                0x03807ed4                vex::brake
 .rodata._ZN3vex5coastE
                0x03807ed8        0x4 C:\Program Files (x86)\VEX Robotics\VEXcode Pro V5\sdk/vexv5\libv5rt.a(vex_global.cpp.obj)
                0x03807ed8                vex::coast
 .rodata._ZN3vex5PORT8E
                0x03807edc        0x4 C:\Program Files (x86)\VEX Robotics\VEXcode Pro V5\sdk/vexv5\libv5rt.a(vex_global.cpp.obj)
                0x03807edc                vex::PORT8
 .rodata._ZN3vex9ratio18_1E
                0x03807ee0        0x4 C:\Program Files (x86)\VEX Robotics\VEXcode Pro V5\sdk/vexv5\libv5rt.a(vex_global.cpp.obj)
                0x03807ee0                vex::ratio18_1
 .rodata._ZN3vex6PORT17E
                0x03807ee4        0x4 C:\Program Files (x86)\VEX Robotics\VEXcode Pro V5\sdk/vexv5\libv5rt.a(vex_global.cpp.obj)
                0x03807ee4                vex::PORT17
 .rodata._ZTVN3vex5motorE
                0x03807ee8       0x18 C:\Program Files (x86)\VEX Robotics\VEXcode Pro V5\sdk/vexv5\libv5rt.a(vex_motor.cpp.obj)
                0x03807ee8                vtable for vex::motor
 .rodata._ZTVN3vex6visionE
                0x03807f00       0x18 C:\Program Files (x86)\VEX Robotics\VEXcode Pro V5\sdk/vexv5\libv5rt.a(vex_vision.cpp.obj)
                0x03807f00                vtable for vex::vision
 .rodata._ZTVN3vex8inertialE
                0x03807f18       0x60 C:\Program Files (x86)\VEX Robotics\VEXcode Pro V5\sdk/vexv5\libv5rt.a(vex_imu.cpp.obj)
                0x03807f18                vtable for vex::inertial
 .rodata.str1.1
                0x03807f78       0x1f C:\Program Files (x86)\VEX Robotics\VEXcode Pro V5\sdk/vexv5\libv5rt.a(vex_controller.cpp.obj)
                                 0x20 (size before relaxing)
 .rodata.CSWTCH.16
                0x03807f97        0xb C:\Program Files (x86)\VEX Robotics\VEXcode Pro V5\sdk/vexv5\libv5rt.a(vex_controller.cpp.obj)
 .rodata.CSWTCH.18
                0x03807fa2        0xb C:\Program Files (x86)\VEX Robotics\VEXcode Pro V5\sdk/vexv5\libv5rt.a(vex_controller.cpp.obj)
 .rodata.CSWTCH.24
                0x03807fad        0x3 C:\Program Files (x86)\VEX Robotics\VEXcode Pro V5\sdk/vexv5\libv5rt.a(vex_controller.cpp.obj)
 .rodata.str1.1
                0x03807fb0       0x14 C:\Program Files (x86)\VEX Robotics\VEXcode Pro V5\sdk/vexv5\libv5rt.a(vex_thread.cpp.obj)
 .rodata.str1.1
                0x03807fc4       0x2d C:\Program Files (x86)\VEX Robotics\VEXcode Pro V5\sdk/vexv5\libv5rt.a(vex_brain.cpp.obj)
 .rodata.CSWTCH.36
                0x03807ff1       0x10 C:\Program Files (x86)\VEX Robotics\VEXcode Pro V5\sdk/vexv5\libv5rt.a(vex_triport.cpp.obj)
 *fill*         0x03808001        0x7 
 .rodata._ZTVN3vex7triportE
                0x03808008       0x18 C:\Program Files (x86)\VEX Robotics\VEXcode Pro V5\sdk/vexv5\libv5rt.a(vex_triport.cpp.obj)
                0x03808008                vtable for vex::triport
 .rodata.CSWTCH.31
                0x03808020        0xe C:\Program Files (x86)\VEX Robotics\VEXcode Pro V5\sdk/vexv5\libv5rt.a(vex_triport.cpp.obj)
 *fill*         0x0380802e        0x2 
 .rodata._ZTVN3vex6deviceE
                0x03808030       0x18 C:\Program Files (x86)\VEX Robotics\VEXcode Pro V5\sdk/vexv5\libv5rt.a(vex_device.cpp.obj)
                0x03808030                vtable for vex::device
 .rodata.str1.1
                0x03808048       0x14 C:\Program Files (x86)\VEX Robotics\VEXcode Pro V5\sdk/vexv5\libv5rt.a(vex_task.cpp.obj)
 .rodata.str1.4
                0x0380805c        0x4 C:\Program Files (x86)\VEX Robotics\VEXcode Pro V5\sdk/vexv5/gcc/libs\libc.a(lib_a-impure.o)
                                  0x2 (size before relaxing)
 .rodata._ctype_
                0x03808060      0x101 C:\Program Files (x86)\VEX Robotics\VEXcode Pro V5\sdk/vexv5/gcc/libs\libc.a(lib_a-ctype_.o)
                0x03808060                _ctype_
 *(.gnu.linkonce.r.*)
                0x03808161                __rodata_end = .

.rodata1        0x03808161        0x0
                0x03808161                __rodata1_start = .
 *(.rodata1)
 *(.rodata1.*)
                0x03808161                __rodata1_end = .

.sdata2         0x03808161        0x0
                0x03808161                __sdata2_start = .
 *(.sdata2)
 *(.sdata2.*)
 *(.gnu.linkonce.s2.*)
                0x03808161                __sdata2_end = .

.sbss2          0x03808161        0x0
                0x03808161                __sbss2_start = .
 *(.sbss2)
 *(.sbss2.*)
 *(.gnu.linkonce.sb2.*)
                0x03808161                __sbss2_end = .

.data           0x03808168      0x450
                0x03808168                __data_start = .
 *(.data)
 *(.data.*)
 .data.spacing  0x03808168        0x4 build/src/main.o
                0x03808168                spacing
 .data.xSize    0x0380816c        0x4 build/src/main.o
                0x0380816c                xSize
 .data.ySize    0x03808170        0x4 build/src/main.o
                0x03808170                ySize
 .data.armPos   0x03808174        0x4 build/src/lifts.o
                0x03808174                armPos
 .data.lastPos  0x03808178        0x4 build/src/lifts.o
                0x03808178                lastPos
 .data.appRunning
                0x0380817c        0x4 C:\Program Files (x86)\VEX Robotics\VEXcode Pro V5\sdk/vexv5\libv5rt.a(v5_startup.c.obj)
                0x0380817c                appRunning
 .data.__yoff   0x03808180        0x4 C:\Program Files (x86)\VEX Robotics\VEXcode Pro V5\sdk/vexv5\libv5rt.a(v5_apijump.c.obj)
 .data._ZN3vex24__default_motor_velocityE
                0x03808184        0x4 C:\Program Files (x86)\VEX Robotics\VEXcode Pro V5\sdk/vexv5\libv5rt.a(vex_motor.cpp.obj)
                0x03808184                vex::__default_motor_velocity
 .data.impure_data
                0x03808188      0x428 C:\Program Files (x86)\VEX Robotics\VEXcode Pro V5\sdk/vexv5/gcc/libs\libc.a(lib_a-impure.o)
 .data._impure_ptr
                0x038085b0        0x4 C:\Program Files (x86)\VEX Robotics\VEXcode Pro V5\sdk/vexv5/gcc/libs\libc.a(lib_a-impure.o)
                0x038085b0                _impure_ptr
 .data.__ctype_ptr__
                0x038085b4        0x4 C:\Program Files (x86)\VEX Robotics\VEXcode Pro V5\sdk/vexv5/gcc/libs\libc.a(lib_a-ctype_.o)
                0x038085b4                __ctype_ptr__
 *(.gnu.linkonce.d.*)
 *(.jcr)
 *(.got)
 *(.got.plt)
                0x038085b8                __data_end = .

.igot.plt       0x038085b8        0x0
 .igot.plt      0x00000000        0x0 build/src/motion_profile.o

.data1          0x038085b8        0x0
                0x038085b8                __data1_start = .
 *(.data1)
 *(.data1.*)
                0x038085b8                __data1_end = .

.got
 *(.got)

.ctors          0x038085b8        0x0
                0x038085b8                __CTOR_LIST__ = .
                0x038085b8                ___CTORS_LIST___ = .
 *crtbegin.o(.ctors)
 *(EXCLUDE_FILE(*crtend.o) .ctors)